Using pre-set license
Built from '2022.3/staging' branch; Version is '2022.3.50f1 (c3db7f8bf9b1) revision 12835711'; Using compiler version '192829333'; Build Type 'Release'
OS: 'Windows 11  (10.0.26200) 64bit Core' Language: 'en' Physical Memory: 32605 MB
BatchMode: 1, IsHumanControllingUs: 0, StartBugReporterOnCrash: 0, Is64bit: 1, IsPro: 1

COMMAND LINE ARGUMENTS:
C:\Program Files\Unity\Hub\Editor\2022.3.50f1\Editor\Unity.exe
-adb2
-batchMode
-noUpm
-name
AssetImportWorker8
-projectPath
D:/Projects/Tattoo-Game/Tattoo Game
-logFile
Logs/AssetImportWorker8.log
-srvPort
62593
Successfully changed project path to: D:/Projects/Tattoo-Game/Tattoo Game
D:/Projects/Tattoo-Game/Tattoo Game
[UnityMemory] Configuration Parameters - Can be set up in boot.config
    "memorysetup-bucket-allocator-granularity=16"
    "memorysetup-bucket-allocator-bucket-count=8"
    "memorysetup-bucket-allocator-block-size=33554432"
    "memorysetup-bucket-allocator-block-count=8"
    "memorysetup-main-allocator-block-size=16777216"
    "memorysetup-thread-allocator-block-size=16777216"
    "memorysetup-gfx-main-allocator-block-size=16777216"
    "memorysetup-gfx-thread-allocator-block-size=16777216"
    "memorysetup-cache-allocator-block-size=4194304"
    "memorysetup-typetree-allocator-block-size=2097152"
    "memorysetup-profiler-bucket-allocator-granularity=16"
    "memorysetup-profiler-bucket-allocator-bucket-count=8"
    "memorysetup-profiler-bucket-allocator-block-size=33554432"
    "memorysetup-profiler-bucket-allocator-block-count=8"
    "memorysetup-profiler-allocator-block-size=16777216"
    "memorysetup-profiler-editor-allocator-block-size=1048576"
    "memorysetup-temp-allocator-size-main=16777216"
    "memorysetup-job-temp-allocator-block-size=2097152"
    "memorysetup-job-temp-allocator-block-size-background=1048576"
    "memorysetup-job-temp-allocator-reduction-small-platforms=262144"
    "memorysetup-allocator-temp-initial-block-size-main=262144"
    "memorysetup-allocator-temp-initial-block-size-worker=262144"
    "memorysetup-temp-allocator-size-background-worker=32768"
    "memorysetup-temp-allocator-size-job-worker=262144"
    "memorysetup-temp-allocator-size-preload-manager=33554432"
    "memorysetup-temp-allocator-size-nav-mesh-worker=65536"
    "memorysetup-temp-allocator-size-audio-worker=65536"
    "memorysetup-temp-allocator-size-cloud-worker=32768"
    "memorysetup-temp-allocator-size-gi-baking-worker=262144"
    "memorysetup-temp-allocator-size-gfx=262144"
Player connection [23328]  Target information:

Player connection [23328]  * "[IP] 192.168.133.1 [Port] 0 [Flags] 2 [Guid] 2336766262 [EditorId] 2336766262 [Version] 1048832 [Id] WindowsEditor(7,Tortuga) [Debug] 1 [PackageName] WindowsEditor [ProjectName] Editor" 

Player connection [23328]  * "[IP] 192.168.64.1 [Port] 0 [Flags] 2 [Guid] 2336766262 [EditorId] 2336766262 [Version] 1048832 [Id] WindowsEditor(7,Tortuga) [Debug] 1 [PackageName] WindowsEditor [ProjectName] Editor" 

Player connection [23328]  * "[IP] 192.168.0.179 [Port] 0 [Flags] 2 [Guid] 2336766262 [EditorId] 2336766262 [Version] 1048832 [Id] WindowsEditor(7,Tortuga) [Debug] 1 [PackageName] WindowsEditor [ProjectName] Editor" 

Player connection [23328] Host joined multi-casting on [225.0.0.222:54997]...
Player connection [23328] Host joined alternative multi-casting on [225.0.0.222:34997]...
[PhysX] Initialized MultithreadedTaskDispatcher with 12 workers.
Refreshing native plugins compatible for Editor in 13.31 ms, found 4 plugins.
Preloading 0 native plugins for Editor in 0.00 ms.
Initialize engine version: 2022.3.50f1 (c3db7f8bf9b1)
[Subsystems] Discovering subsystems at path C:/Program Files/Unity/Hub/Editor/2022.3.50f1/Editor/Data/Resources/UnitySubsystems
[Subsystems] Discovering subsystems at path D:/Projects/Tattoo-Game/Tattoo Game/Assets
GfxDevice: creating device client; threaded=0; jobified=0
Direct3D:
    Version:  Direct3D 11.0 [level 11.1]
    Renderer: NVIDIA GeForce RTX 3060 Laptop GPU (ID=0x2520)
    Vendor:   NVIDIA
    VRAM:     5994 MB
    Driver:   32.0.15.9227
Initialize mono
Mono path[0] = 'C:/Program Files/Unity/Hub/Editor/2022.3.50f1/Editor/Data/Managed'
Mono path[1] = 'C:/Program Files/Unity/Hub/Editor/2022.3.50f1/Editor/Data/MonoBleedingEdge/lib/mono/unityjit-win32'
Mono config path = 'C:/Program Files/Unity/Hub/Editor/2022.3.50f1/Editor/Data/MonoBleedingEdge/etc'
Using monoOptions --debugger-agent=transport=dt_socket,embedding=1,server=y,suspend=n,address=127.0.0.1:56812
Begin MonoManager ReloadAssembly
Registering precompiled unity dll's ...
Register platform support module: C:/Program Files/Unity/Hub/Editor/2022.3.50f1/Editor/Data/PlaybackEngines/AndroidPlayer/UnityEditor.Android.Extensions.dll
Register platform support module: C:/Program Files/Unity/Hub/Editor/2022.3.50f1/Editor/Data/PlaybackEngines/iOSSupport/UnityEditor.iOS.Extensions.dll
Register platform support module: C:/Program Files/Unity/Hub/Editor/2022.3.50f1/Editor/Data/PlaybackEngines/WindowsStandaloneSupport/UnityEditor.WindowsStandalone.Extensions.dll
Registered in 0.013345 seconds.
- Loaded All Assemblies, in  0.351 seconds
Native extension for WindowsStandalone target not found
[usbmuxd] Start listen thread
[usbmuxd] Listen thread started
Native extension for iOS target not found
Native extension for Android target not found
Android Extension - Scanning For ADB Devices 220 ms
Mono: successfully reloaded assembly
- Finished resetting the current domain, in  0.519 seconds
Domain Reload Profiling: 867ms
	BeginReloadAssembly (102ms)
		ExecutionOrderSort (0ms)
		DisableScriptedObjects (0ms)
		BackupInstance (0ms)
		ReleaseScriptingObjects (0ms)
		CreateAndSetChildDomain (1ms)
	RebuildCommonClasses (32ms)
	RebuildNativeTypeToScriptingClass (9ms)
	initialDomainReloadingComplete (62ms)
	LoadAllAssembliesAndSetupDomain (143ms)
		LoadAssemblies (100ms)
		RebuildTransferFunctionScriptingTraits (0ms)
		AnalyzeDomain (141ms)
			TypeCache.Refresh (139ms)
				TypeCache.ScanAssembly (126ms)
			ScanForSourceGeneratedMonoScriptInfo (0ms)
			ResolveRequiredComponents (0ms)
	FinalizeReload (519ms)
		ReleaseScriptCaches (0ms)
		RebuildScriptCaches (0ms)
		SetupLoadedEditorAssemblies (477ms)
			LogAssemblyErrors (0ms)
			InitializePlatformSupportModulesInManaged (320ms)
			SetLoadedEditorAssemblies (4ms)
			RefreshPlugins (0ms)
			BeforeProcessingInitializeOnLoad (2ms)
			ProcessInitializeOnLoadAttributes (107ms)
			ProcessInitializeOnLoadMethodAttributes (44ms)
			AfterProcessingInitializeOnLoad (0ms)
			EditorAssembliesLoaded (0ms)
		ExecutionOrderSort2 (0ms)
		AwakeInstancesAfterBackupRestoration (0ms)
========================================================================
Worker process is ready to serve import requests
Caller must complete domain reload
Begin MonoManager ReloadAssembly
- Loaded All Assemblies, in  0.659 seconds
Native extension for WindowsStandalone target not found
Native extension for iOS target not found
Native extension for Android target not found
Mono: successfully reloaded assembly
Package Manager log level set to [2]
[Package Manager] Server::EnsureServerProcessIsRunning -- launch failed, reason: Unity was launched with the -noUpm command-line argument
[Package Manager] UpmClient::Send -- Unable to send message (not connected to UPM process).
[Package Manager] Cannot connect to Unity Package Manager local server
[Package Manager] Server::EnsureServerProcessIsRunning -- launch failed, reason: Unity was launched with the -noUpm command-line argument
[Package Manager] UpmClient::Send -- Unable to send message (not connected to UPM process).
[Package Manager] Cannot connect to Unity Package Manager local server
- Finished resetting the current domain, in  0.674 seconds
Domain Reload Profiling: 1329ms
	BeginReloadAssembly (140ms)
		ExecutionOrderSort (0ms)
		DisableScriptedObjects (5ms)
		BackupInstance (0ms)
		ReleaseScriptingObjects (0ms)
		CreateAndSetChildDomain (17ms)
	RebuildCommonClasses (34ms)
	RebuildNativeTypeToScriptingClass (10ms)
	initialDomainReloadingComplete (42ms)
	LoadAllAssembliesAndSetupDomain (430ms)
		LoadAssemblies (313ms)
		RebuildTransferFunctionScriptingTraits (0ms)
		AnalyzeDomain (200ms)
			TypeCache.Refresh (167ms)
				TypeCache.ScanAssembly (152ms)
			ScanForSourceGeneratedMonoScriptInfo (23ms)
			ResolveRequiredComponents (7ms)
	FinalizeReload (674ms)
		ReleaseScriptCaches (0ms)
		RebuildScriptCaches (0ms)
		SetupLoadedEditorAssemblies (509ms)
			LogAssemblyErrors (0ms)
			InitializePlatformSupportModulesInManaged (29ms)
			SetLoadedEditorAssemblies (4ms)
			RefreshPlugins (0ms)
			BeforeProcessingInitializeOnLoad (78ms)
			ProcessInitializeOnLoadAttributes (327ms)
			ProcessInitializeOnLoadMethodAttributes (62ms)
			AfterProcessingInitializeOnLoad (10ms)
			EditorAssembliesLoaded (0ms)
		ExecutionOrderSort2 (0ms)
		AwakeInstancesAfterBackupRestoration (8ms)
Launched and connected shader compiler UnityShaderCompiler.exe after 0.04 seconds
Refreshing native plugins compatible for Editor in 6.99 ms, found 4 plugins.
Preloading 0 native plugins for Editor in 0.00 ms.
Unloading 5356 Unused Serialized files (Serialized files now loaded: 0)
Unloading 37 unused Assets / (0.5 MB). Loaded Objects now: 5824.
Memory consumption went from 193.9 MB to 193.4 MB.
Total: 3.534600 ms (FindLiveObjects: 0.357500 ms CreateObjectMapping: 0.364000 ms MarkObjects: 2.616300 ms  DeleteObjects: 0.196000 ms)

AssetImportParameters requested are different than current active one (requested -> active):
  custom:container-demuxer-ogg: 62fdf1f143b41e24485cea50d1cbac27 -> 
  custom:video-codec-MediaFoundation-h265: 746d11721c4dcdbdad8f713fa42b33f4 -> 
  custom:video-decoder-ogg-theora: a1e56fd34408186e4bbccfd4996cb3dc -> 
  custom:framework-win-MediaFoundation: 216162199b28c13a410421893ffa2e32 -> 
  custom:CustomObjectIndexerAttribute: 9a22284fe3817be447336de3de66b15e -> 
  custom:container-demuxer-webm: 4f35f7cbe854078d1ac9338744f61a02 -> 
  custom:container-muxer-webm: aa71ff27fc2769a1b78a27578f13a17b -> 
  custom:video-decoder-webm-vp8: 9c59270c3fd7afecdb556c50c9e8de78 -> 
  custom:SearchIndexIgnoredProperties: e643bd26f0fe6173181afceb89e7c659 -> 
  custom:AudioImporter_EditorPlatform: d09bf68614088b80899f8185d706f6e7 -> 
  custom:video-encoder-webm-vp8: eb34c28f22e8b96e1ab97ce403110664 -> 
  custom:audio-decoder-ogg-vorbis: bf7c407c2cedff20999df2af8eb42d56 -> 
  custom:audio-encoder-webm-vorbis: bf7c407c2cedff20999df2af8eb42d56 -> 
========================================================================
Received Import Request.
  Time since last request: 6671.978500 seconds.
  path: Assets/Synty/PolygonSciFiSpace/Prefabs/Props/SM_Prop_Chr_Female_Cryo_02.prefab
  artifactKey: Guid(df28b016e340da24f92e2f69c00b83d7) Importer(815301076,1909f56bfc062723c751e8b465ee728b)
Start importing Assets/Synty/PolygonSciFiSpace/Prefabs/Props/SM_Prop_Chr_Female_Cryo_02.prefab using Guid(df28b016e340da24f92e2f69c00b83d7) Importer(815301076,1909f56bfc062723c751e8b465ee728b) [PhysX] Initialized MultithreadedTaskDispatcher with 12 workers.
[PhysX] Initialized MultithreadedTaskDispatcher with 12 workers.
 -> (artifact id: 'f4291acd50e2461332908fabcb889b2c') in 0.395718 seconds
Number of updated asset objects reloaded before import = 0
Number of asset objects unloaded after import = 12
========================================================================
Received Import Request.
  Time since last request: 0.000024 seconds.
  path: Assets/Synty/PolygonSciFiSpace/Prefabs/Props/SM_Prop_CornerTable_01.prefab
  artifactKey: Guid(70303f2c63a142a42a544e712a9cdbf1) Importer(815301076,1909f56bfc062723c751e8b465ee728b)
Start importing Assets/Synty/PolygonSciFiSpace/Prefabs/Props/SM_Prop_CornerTable_01.prefab using Guid(70303f2c63a142a42a544e712a9cdbf1) Importer(815301076,1909f56bfc062723c751e8b465ee728b) [PhysX] Initialized MultithreadedTaskDispatcher with 12 workers.
[PhysX] Initialized MultithreadedTaskDispatcher with 12 workers.
 -> (artifact id: '5b2ff4f2f6233df06e46c51639372a9d') in 0.076161 seconds
Number of updated asset objects reloaded before import = 0
Number of asset objects unloaded after import = 12
========================================================================
Received Import Request.
  Time since last request: 0.000032 seconds.
  path: Assets/Synty/PolygonSciFiSpace/Prefabs/Props/SM_Prop_Crate_Ammo_02.prefab
  artifactKey: Guid(c64020e8da8f6e2438256a8d90965f45) Importer(815301076,1909f56bfc062723c751e8b465ee728b)
Start importing Assets/Synty/PolygonSciFiSpace/Prefabs/Props/SM_Prop_Crate_Ammo_02.prefab using Guid(c64020e8da8f6e2438256a8d90965f45) Importer(815301076,1909f56bfc062723c751e8b465ee728b) [PhysX] Initialized MultithreadedTaskDispatcher with 12 workers.
[PhysX] Initialized MultithreadedTaskDispatcher with 12 workers.
 -> (artifact id: '239ec466e3ee8822bd6b4d3eeb1b6313') in 0.061486 seconds
Number of updated asset objects reloaded before import = 0
Number of asset objects unloaded after import = 12
========================================================================
Received Import Request.
  Time since last request: 0.000016 seconds.
  path: Assets/Synty/PolygonSciFiSpace/Prefabs/Props/SM_Prop_Crate_Shield_02.prefab
  artifactKey: Guid(33f207de325d74045a1d8042a713932e) Importer(815301076,1909f56bfc062723c751e8b465ee728b)
Start importing Assets/Synty/PolygonSciFiSpace/Prefabs/Props/SM_Prop_Crate_Shield_02.prefab using Guid(33f207de325d74045a1d8042a713932e) Importer(815301076,1909f56bfc062723c751e8b465ee728b) [PhysX] Initialized MultithreadedTaskDispatcher with 12 workers.
[PhysX] Initialized MultithreadedTaskDispatcher with 12 workers.
 -> (artifact id: '3ab216fb475785987f96403083c59d57') in 0.072465 seconds
Number of updated asset objects reloaded before import = 0
Number of asset objects unloaded after import = 12
========================================================================
Received Import Request.
  Time since last request: 0.000018 seconds.
  path: Assets/Synty/PolygonSciFiSpace/Prefabs/Props/SM_Prop_ControlPanel_04.prefab
  artifactKey: Guid(3987659517e726243a836635155b9441) Importer(815301076,1909f56bfc062723c751e8b465ee728b)
Start importing Assets/Synty/PolygonSciFiSpace/Prefabs/Props/SM_Prop_ControlPanel_04.prefab using Guid(3987659517e726243a836635155b9441) Importer(815301076,1909f56bfc062723c751e8b465ee728b) [PhysX] Initialized MultithreadedTaskDispatcher with 12 workers.
[PhysX] Initialized MultithreadedTaskDispatcher with 12 workers.
 -> (artifact id: 'acb72ab5a0d3ff3a0989a30974a2aaf1') in 0.077400 seconds
Number of updated asset objects reloaded before import = 0
Number of asset objects unloaded after import = 13
========================================================================
Received Import Request.
  Time since last request: 0.009810 seconds.
  path: Assets/Synty/PolygonSciFiSpace/Prefabs/Props/SM_Prop_Crate_health_01.prefab
  artifactKey: Guid(f1c03e36cea56a94fa6f58010cc58f51) Importer(815301076,1909f56bfc062723c751e8b465ee728b)
Start importing Assets/Synty/PolygonSciFiSpace/Prefabs/Props/SM_Prop_Crate_health_01.prefab using Guid(f1c03e36cea56a94fa6f58010cc58f51) Importer(815301076,1909f56bfc062723c751e8b465ee728b) [PhysX] Initialized MultithreadedTaskDispatcher with 12 workers.
[PhysX] Initialized MultithreadedTaskDispatcher with 12 workers.
 -> (artifact id: 'cdf7436c15c08cc12c991cdafa616535') in 0.071719 seconds
Number of updated asset objects reloaded before import = 0
Number of asset objects unloaded after import = 12
========================================================================
Received Import Request.
  Time since last request: 0.000022 seconds.
  path: Assets/Synty/PolygonSciFiSpace/Prefabs/Props/SM_Prop_Chr_Male_Cryo_02.prefab
  artifactKey: Guid(2ccb8cc402d22e240b6824a5535be6a9) Importer(815301076,1909f56bfc062723c751e8b465ee728b)
Start importing Assets/Synty/PolygonSciFiSpace/Prefabs/Props/SM_Prop_Chr_Male_Cryo_02.prefab using Guid(2ccb8cc402d22e240b6824a5535be6a9) Importer(815301076,1909f56bfc062723c751e8b465ee728b) [PhysX] Initialized MultithreadedTaskDispatcher with 12 workers.
[PhysX] Initialized MultithreadedTaskDispatcher with 12 workers.
 -> (artifact id: '2d69076409c59614177697461486933f') in 0.075518 seconds
Number of updated asset objects reloaded before import = 0
Number of asset objects unloaded after import = 12
========================================================================
Received Import Request.
  Time since last request: 0.000022 seconds.
  path: Assets/Synty/PolygonSciFiSpace/Prefabs/Props/SM_Prop_ControlPanel_01.prefab
  artifactKey: Guid(ff5586b927c5dcd47925e8c6788f8b5e) Importer(815301076,1909f56bfc062723c751e8b465ee728b)
Start importing Assets/Synty/PolygonSciFiSpace/Prefabs/Props/SM_Prop_ControlPanel_01.prefab using Guid(ff5586b927c5dcd47925e8c6788f8b5e) Importer(815301076,1909f56bfc062723c751e8b465ee728b) [PhysX] Initialized MultithreadedTaskDispatcher with 12 workers.
[PhysX] Initialized MultithreadedTaskDispatcher with 12 workers.
 -> (artifact id: '7707a5707ca43dc53705e6432cf56809') in 0.078354 seconds
Number of updated asset objects reloaded before import = 0
Number of asset objects unloaded after import = 12
========================================================================
Received Import Request.
  Time since last request: 0.000020 seconds.
  path: Assets/Synty/PolygonSciFiSpace/Prefabs/Props/SM_Prop_ControlPanel_02.prefab
  artifactKey: Guid(e6bfc29ecf830c64eb95c54d3e9054e1) Importer(815301076,1909f56bfc062723c751e8b465ee728b)
Start importing Assets/Synty/PolygonSciFiSpace/Prefabs/Props/SM_Prop_ControlPanel_02.prefab using Guid(e6bfc29ecf830c64eb95c54d3e9054e1) Importer(815301076,1909f56bfc062723c751e8b465ee728b) [PhysX] Initialized MultithreadedTaskDispatcher with 12 workers.
[PhysX] Initialized MultithreadedTaskDispatcher with 12 workers.
 -> (artifact id: '823aceccddf745005ed3fcebd2080bd6') in 0.043840 seconds
Number of updated asset objects reloaded before import = 0
Number of asset objects unloaded after import = 12
========================================================================
Received Import Request.
  Time since last request: 0.758434 seconds.
  path: Assets/Synty/PolygonSciFiSpace/Prefabs/Props/SM_Prop_Desk_Small_01.prefab
  artifactKey: Guid(998bc3d7ba2e6684fbd7ca1a9d17ba9c) Importer(815301076,1909f56bfc062723c751e8b465ee728b)
Start importing Assets/Synty/PolygonSciFiSpace/Prefabs/Props/SM_Prop_Desk_Small_01.prefab using Guid(998bc3d7ba2e6684fbd7ca1a9d17ba9c) Importer(815301076,1909f56bfc062723c751e8b465ee728b) [PhysX] Initialized MultithreadedTaskDispatcher with 12 workers.
[PhysX] Initialized MultithreadedTaskDispatcher with 12 workers.
 -> (artifact id: 'c0bb6832d458b97def9ebbd8a9a04383') in 0.079218 seconds
Number of updated asset objects reloaded before import = 0
Number of asset objects unloaded after import = 12
========================================================================
Received Import Request.
  Time since last request: 0.038158 seconds.
  path: Assets/Synty/PolygonSciFiSpace/Prefabs/Props/SM_Prop_Detail_Box_02.prefab
  artifactKey: Guid(40836d4f6272e984eabbe20122fbb147) Importer(815301076,1909f56bfc062723c751e8b465ee728b)
Start importing Assets/Synty/PolygonSciFiSpace/Prefabs/Props/SM_Prop_Detail_Box_02.prefab using Guid(40836d4f6272e984eabbe20122fbb147) Importer(815301076,1909f56bfc062723c751e8b465ee728b) [PhysX] Initialized MultithreadedTaskDispatcher with 12 workers.
[PhysX] Initialized MultithreadedTaskDispatcher with 12 workers.
 -> (artifact id: 'ad1d3be38c00cddf7d581f626796c0c8') in 0.068522 seconds
Number of updated asset objects reloaded before import = 0
Number of asset objects unloaded after import = 12
========================================================================
Received Import Request.
  Time since last request: 0.000016 seconds.
  path: Assets/Synty/PolygonSciFiSpace/Prefabs/Props/SM_Prop_Detail_Box_04.prefab
  artifactKey: Guid(8eff7ff32672dbf419b9125e4244f958) Importer(815301076,1909f56bfc062723c751e8b465ee728b)
Start importing Assets/Synty/PolygonSciFiSpace/Prefabs/Props/SM_Prop_Detail_Box_04.prefab using Guid(8eff7ff32672dbf419b9125e4244f958) Importer(815301076,1909f56bfc062723c751e8b465ee728b) [PhysX] Initialized MultithreadedTaskDispatcher with 12 workers.
[PhysX] Initialized MultithreadedTaskDispatcher with 12 workers.
 -> (artifact id: 'f684b73de4fe175557ea7ef65580bc55') in 0.041895 seconds
Number of updated asset objects reloaded before import = 0
Number of asset objects unloaded after import = 12
========================================================================
Received Import Request.
  Time since last request: 0.073086 seconds.
  path: Assets/Synty/PolygonSciFiSpace/Prefabs/Props/SM_Prop_Detail_Box_05.prefab
  artifactKey: Guid(dc0d70452a3c7334ca5526b11226c151) Importer(815301076,1909f56bfc062723c751e8b465ee728b)
Start importing Assets/Synty/PolygonSciFiSpace/Prefabs/Props/SM_Prop_Detail_Box_05.prefab using Guid(dc0d70452a3c7334ca5526b11226c151) Importer(815301076,1909f56bfc062723c751e8b465ee728b) [PhysX] Initialized MultithreadedTaskDispatcher with 12 workers.
[PhysX] Initialized MultithreadedTaskDispatcher with 12 workers.
 -> (artifact id: '7e5d53d57cb43c8efb88b8615b44af76') in 0.077225 seconds
Number of updated asset objects reloaded before import = 0
Number of asset objects unloaded after import = 12
========================================================================
Received Import Request.
  Time since last request: 0.000023 seconds.
  path: Assets/Synty/PolygonSciFiSpace/Prefabs/Props/SM_Prop_Detail_Button_01.prefab
  artifactKey: Guid(8258260415b7d044598c4aec7ca40546) Importer(815301076,1909f56bfc062723c751e8b465ee728b)
Start importing Assets/Synty/PolygonSciFiSpace/Prefabs/Props/SM_Prop_Detail_Button_01.prefab using Guid(8258260415b7d044598c4aec7ca40546) Importer(815301076,1909f56bfc062723c751e8b465ee728b) [PhysX] Initialized MultithreadedTaskDispatcher with 12 workers.
[PhysX] Initialized MultithreadedTaskDispatcher with 12 workers.
 -> (artifact id: '3fa31fb5be78c72ec61593670b2d3d17') in 0.050409 seconds
Number of updated asset objects reloaded before import = 0
Number of asset objects unloaded after import = 12
========================================================================
Received Import Request.
  Time since last request: 0.024509 seconds.
  path: Assets/Synty/PolygonSciFiSpace/Prefabs/Props/SM_Prop_Detail_CeilingBox_01.prefab
  artifactKey: Guid(68c5f8e43c078eb438ca0fc2a376d9f8) Importer(815301076,1909f56bfc062723c751e8b465ee728b)
Start importing Assets/Synty/PolygonSciFiSpace/Prefabs/Props/SM_Prop_Detail_CeilingBox_01.prefab using Guid(68c5f8e43c078eb438ca0fc2a376d9f8) Importer(815301076,1909f56bfc062723c751e8b465ee728b) [PhysX] Initialized MultithreadedTaskDispatcher with 12 workers.
[PhysX] Initialized MultithreadedTaskDispatcher with 12 workers.
 -> (artifact id: '0f4c1896f171f5201c96567cd00180f7') in 0.085746 seconds
Number of updated asset objects reloaded before import = 0
Number of asset objects unloaded after import = 12
========================================================================
Received Import Request.
  Time since last request: 0.994350 seconds.
  path: Assets/Synty/PolygonSciFiSpace/Prefabs/Props/SM_Prop_Detail_Handle_01.prefab
  artifactKey: Guid(09e39d321068a6b4096271c8369d3c36) Importer(815301076,1909f56bfc062723c751e8b465ee728b)
Start importing Assets/Synty/PolygonSciFiSpace/Prefabs/Props/SM_Prop_Detail_Handle_01.prefab using Guid(09e39d321068a6b4096271c8369d3c36) Importer(815301076,1909f56bfc062723c751e8b465ee728b) [PhysX] Initialized MultithreadedTaskDispatcher with 12 workers.
[PhysX] Initialized MultithreadedTaskDispatcher with 12 workers.
 -> (artifact id: '8fb5fe5c68b9f26746844a38b8af797f') in 0.083583 seconds
Number of updated asset objects reloaded before import = 0
Number of asset objects unloaded after import = 12
========================================================================
Received Import Request.
  Time since last request: 0.562423 seconds.
  path: Assets/Synty/PolygonSciFiSpace/Prefabs/Props/SM_Prop_Detail_Lights_01.prefab
  artifactKey: Guid(e7663dc0b0f64a444bf7687185f34634) Importer(815301076,1909f56bfc062723c751e8b465ee728b)
Start importing Assets/Synty/PolygonSciFiSpace/Prefabs/Props/SM_Prop_Detail_Lights_01.prefab using Guid(e7663dc0b0f64a444bf7687185f34634) Importer(815301076,1909f56bfc062723c751e8b465ee728b) [PhysX] Initialized MultithreadedTaskDispatcher with 12 workers.
[PhysX] Initialized MultithreadedTaskDispatcher with 12 workers.
 -> (artifact id: '06468e251d4d859b11cb7d40129bdd16') in 0.072932 seconds
Number of updated asset objects reloaded before import = 0
Number of asset objects unloaded after import = 12
========================================================================
Received Import Request.
  Time since last request: 0.000027 seconds.
  path: Assets/Synty/PolygonSciFiSpace/Prefabs/Props/SM_Prop_Detail_Lights_03.prefab
  artifactKey: Guid(0a5a1669b5861ba4bb3c686b8e49fba1) Importer(815301076,1909f56bfc062723c751e8b465ee728b)
Start importing Assets/Synty/PolygonSciFiSpace/Prefabs/Props/SM_Prop_Detail_Lights_03.prefab using Guid(0a5a1669b5861ba4bb3c686b8e49fba1) Importer(815301076,1909f56bfc062723c751e8b465ee728b) [PhysX] Initialized MultithreadedTaskDispatcher with 12 workers.
[PhysX] Initialized MultithreadedTaskDispatcher with 12 workers.
 -> (artifact id: 'c94b38545b6d608d668ba84909024eca') in 0.063474 seconds
Number of updated asset objects reloaded before import = 0
Number of asset objects unloaded after import = 12
========================================================================
Received Import Request.
  Time since last request: 0.000031 seconds.
  path: Assets/Synty/PolygonSciFiSpace/Prefabs/Props/SM_Prop_Detail_Panel_01.prefab
  artifactKey: Guid(9d4fe4d1b75f5c34b88886dacb4ed20e) Importer(815301076,1909f56bfc062723c751e8b465ee728b)
Start importing Assets/Synty/PolygonSciFiSpace/Prefabs/Props/SM_Prop_Detail_Panel_01.prefab using Guid(9d4fe4d1b75f5c34b88886dacb4ed20e) Importer(815301076,1909f56bfc062723c751e8b465ee728b) [PhysX] Initialized MultithreadedTaskDispatcher with 12 workers.
[PhysX] Initialized MultithreadedTaskDispatcher with 12 workers.
 -> (artifact id: '18be5409ae202502e8830538bec9c254') in 0.065772 seconds
Number of updated asset objects reloaded before import = 0
Number of asset objects unloaded after import = 12
========================================================================
Received Import Request.
  Time since last request: 0.000029 seconds.
  path: Assets/Synty/PolygonSciFiSpace/Prefabs/Props/SM_Prop_Detail_Panel_Broken_01.prefab
  artifactKey: Guid(28d5b9945a3300d4394af799c06ece7f) Importer(815301076,1909f56bfc062723c751e8b465ee728b)
Start importing Assets/Synty/PolygonSciFiSpace/Prefabs/Props/SM_Prop_Detail_Panel_Broken_01.prefab using Guid(28d5b9945a3300d4394af799c06ece7f) Importer(815301076,1909f56bfc062723c751e8b465ee728b) [PhysX] Initialized MultithreadedTaskDispatcher with 12 workers.
[PhysX] Initialized MultithreadedTaskDispatcher with 12 workers.
 -> (artifact id: '82fc0d6f5229dc6a28df360241b31bad') in 0.066692 seconds
Number of updated asset objects reloaded before import = 0
Number of asset objects unloaded after import = 12
========================================================================
Received Import Request.
  Time since last request: 0.000017 seconds.
  path: Assets/Synty/PolygonSciFiSpace/Prefabs/Props/SM_Prop_Detail_Pipe_Corner_01.prefab
  artifactKey: Guid(315faea84706f7946854c979233d54c5) Importer(815301076,1909f56bfc062723c751e8b465ee728b)
Start importing Assets/Synty/PolygonSciFiSpace/Prefabs/Props/SM_Prop_Detail_Pipe_Corner_01.prefab using Guid(315faea84706f7946854c979233d54c5) Importer(815301076,1909f56bfc062723c751e8b465ee728b) [PhysX] Initialized MultithreadedTaskDispatcher with 12 workers.
[PhysX] Initialized MultithreadedTaskDispatcher with 12 workers.
 -> (artifact id: '14eef9430d7ebce59a9246dee62bced1') in 0.067640 seconds
Number of updated asset objects reloaded before import = 0
Number of asset objects unloaded after import = 12
========================================================================
Received Import Request.
  Time since last request: 0.000026 seconds.
  path: Assets/Synty/PolygonSciFiSpace/Prefabs/Props/SM_Prop_Detail_Pipe_Broken_01.prefab
  artifactKey: Guid(13b4d996c9292fb4fadb88022ba7ab52) Importer(815301076,1909f56bfc062723c751e8b465ee728b)
Start importing Assets/Synty/PolygonSciFiSpace/Prefabs/Props/SM_Prop_Detail_Pipe_Broken_01.prefab using Guid(13b4d996c9292fb4fadb88022ba7ab52) Importer(815301076,1909f56bfc062723c751e8b465ee728b) [PhysX] Initialized MultithreadedTaskDispatcher with 12 workers.
[PhysX] Initialized MultithreadedTaskDispatcher with 12 workers.
 -> (artifact id: '70ca8b8154cca73be95b568ec25eb98e') in 0.060400 seconds
Number of updated asset objects reloaded before import = 0
Number of asset objects unloaded after import = 12
========================================================================
Received Import Request.
  Time since last request: 0.897722 seconds.
  path: Assets/Synty/PolygonSciFiSpace/Prefabs/Props/SM_Prop_Detail_Pipe_Straight_01.prefab
  artifactKey: Guid(93daf3f4d9daec34898d398d93900507) Importer(815301076,1909f56bfc062723c751e8b465ee728b)
Start importing Assets/Synty/PolygonSciFiSpace/Prefabs/Props/SM_Prop_Detail_Pipe_Straight_01.prefab using Guid(93daf3f4d9daec34898d398d93900507) Importer(815301076,1909f56bfc062723c751e8b465ee728b) [PhysX] Initialized MultithreadedTaskDispatcher with 12 workers.
[PhysX] Initialized MultithreadedTaskDispatcher with 12 workers.
 -> (artifact id: '74f3993cf0715550fbe2385661c34465') in 0.085531 seconds
Number of updated asset objects reloaded before import = 0
Number of asset objects unloaded after import = 12
========================================================================
Received Import Request.
  Time since last request: 1.565634 seconds.
  path: Assets/Synty/PolygonSciFiSpace/Prefabs/Props/SM_Prop_Detail_Pipes_03.prefab
  artifactKey: Guid(6a45b09b669e4904a96655f7c0dc5f63) Importer(815301076,1909f56bfc062723c751e8b465ee728b)
Start importing Assets/Synty/PolygonSciFiSpace/Prefabs/Props/SM_Prop_Detail_Pipes_03.prefab using Guid(6a45b09b669e4904a96655f7c0dc5f63) Importer(815301076,1909f56bfc062723c751e8b465ee728b) [PhysX] Initialized MultithreadedTaskDispatcher with 12 workers.
[PhysX] Initialized MultithreadedTaskDispatcher with 12 workers.
 -> (artifact id: 'd79cf9d2e3b4d833514185c7eb3ae2da') in 0.110322 seconds
Number of updated asset objects reloaded before import = 0
Number of asset objects unloaded after import = 12
========================================================================
Received Import Request.
  Time since last request: 0.195343 seconds.
  path: Assets/Synty/PolygonSciFiSpace/Prefabs/Props/SM_Prop_Detail_SynCola_01.prefab
  artifactKey: Guid(20ab8dd6e40932c4095827b147d613a1) Importer(815301076,1909f56bfc062723c751e8b465ee728b)
Start importing Assets/Synty/PolygonSciFiSpace/Prefabs/Props/SM_Prop_Detail_SynCola_01.prefab using Guid(20ab8dd6e40932c4095827b147d613a1) Importer(815301076,1909f56bfc062723c751e8b465ee728b) [PhysX] Initialized MultithreadedTaskDispatcher with 12 workers.
[PhysX] Initialized MultithreadedTaskDispatcher with 12 workers.
 -> (artifact id: 'd81bf439a9517434ba8cf96fe3efa60a') in 0.095170 seconds
Number of updated asset objects reloaded before import = 0
Number of asset objects unloaded after import = 12
========================================================================
Received Import Request.
  Time since last request: 0.819029 seconds.
  path: Assets/Synty/PolygonSciFiSpace/Prefabs/Props/SM_Prop_Detail_Tank_02.prefab
  artifactKey: Guid(8e63f21a4f81e7a4392e7f7d2dd3ae5d) Importer(815301076,1909f56bfc062723c751e8b465ee728b)
Start importing Assets/Synty/PolygonSciFiSpace/Prefabs/Props/SM_Prop_Detail_Tank_02.prefab using Guid(8e63f21a4f81e7a4392e7f7d2dd3ae5d) Importer(815301076,1909f56bfc062723c751e8b465ee728b) [PhysX] Initialized MultithreadedTaskDispatcher with 12 workers.
[PhysX] Initialized MultithreadedTaskDispatcher with 12 workers.
 -> (artifact id: 'd7ad72d22805219bfe710142e0cee323') in 0.131645 seconds
Number of updated asset objects reloaded before import = 0
Number of asset objects unloaded after import = 12
========================================================================
Received Import Request.
  Time since last request: 11.438220 seconds.
  path: Assets/Synty/PolygonSciFiSpace/Prefabs/Props/SM_Prop_Detail_Wire_02.prefab
  artifactKey: Guid(ef8d24a39285048499533820447e618e) Importer(815301076,1909f56bfc062723c751e8b465ee728b)
Start importing Assets/Synty/PolygonSciFiSpace/Prefabs/Props/SM_Prop_Detail_Wire_02.prefab using Guid(ef8d24a39285048499533820447e618e) Importer(815301076,1909f56bfc062723c751e8b465ee728b) [PhysX] Initialized MultithreadedTaskDispatcher with 12 workers.
[PhysX] Initialized MultithreadedTaskDispatcher with 12 workers.
 -> (artifact id: '48eeb0ae6ebb3b71df7fd9b22ab21f1c') in 0.074177 seconds
Number of updated asset objects reloaded before import = 0
Number of asset objects unloaded after import = 12
========================================================================
Received Import Request.
  Time since last request: 0.042246 seconds.
  path: Assets/Synty/PolygonSciFiSpace/Prefabs/Props/SM_Prop_Detail_Wire_05.prefab
  artifactKey: Guid(e5e95d48c00ded345a045e678e750701) Importer(815301076,1909f56bfc062723c751e8b465ee728b)
Start importing Assets/Synty/PolygonSciFiSpace/Prefabs/Props/SM_Prop_Detail_Wire_05.prefab using Guid(e5e95d48c00ded345a045e678e750701) Importer(815301076,1909f56bfc062723c751e8b465ee728b) [PhysX] Initialized MultithreadedTaskDispatcher with 12 workers.
[PhysX] Initialized MultithreadedTaskDispatcher with 12 workers.
 -> (artifact id: 'ef17c7ea35c57d39b7fd6d55bbbbcc8a') in 0.090104 seconds
Number of updated asset objects reloaded before import = 0
Number of asset objects unloaded after import = 12
========================================================================
Received Import Request.
  Time since last request: 0.800416 seconds.
  path: Assets/Synty/PolygonSciFiSpace/Prefabs/Props/SM_Prop_Engine_Construction_01.prefab
  artifactKey: Guid(71cc042e82536124e97c26fd10790a95) Importer(815301076,1909f56bfc062723c751e8b465ee728b)
Start importing Assets/Synty/PolygonSciFiSpace/Prefabs/Props/SM_Prop_Engine_Construction_01.prefab using Guid(71cc042e82536124e97c26fd10790a95) Importer(815301076,1909f56bfc062723c751e8b465ee728b) [PhysX] Initialized MultithreadedTaskDispatcher with 12 workers.
[PhysX] Initialized MultithreadedTaskDispatcher with 12 workers.
 -> (artifact id: 'd851dd14a0539e789cbd8ebc98af5e27') in 0.090764 seconds
Number of updated asset objects reloaded before import = 0
Number of asset objects unloaded after import = 12
========================================================================
Received Import Request.
  Time since last request: 0.023707 seconds.
  path: Assets/Synty/PolygonSciFiSpace/Prefabs/Props/SM_Prop_FoodPacket_01.prefab
  artifactKey: Guid(4b67e38e406bca642bb53f573a10631f) Importer(815301076,1909f56bfc062723c751e8b465ee728b)
Start importing Assets/Synty/PolygonSciFiSpace/Prefabs/Props/SM_Prop_FoodPacket_01.prefab using Guid(4b67e38e406bca642bb53f573a10631f) Importer(815301076,1909f56bfc062723c751e8b465ee728b) [PhysX] Initialized MultithreadedTaskDispatcher with 12 workers.
[PhysX] Initialized MultithreadedTaskDispatcher with 12 workers.
 -> (artifact id: '9120bb9ad2bf52ee0ec6cc7f7cb31359') in 0.096124 seconds
Number of updated asset objects reloaded before import = 0
Number of asset objects unloaded after import = 12
========================================================================
Received Import Request.
  Time since last request: 0.836664 seconds.
  path: Assets/Synty/PolygonSciFiSpace/Prefabs/Props/SM_Prop_FoodPacket_04.prefab
  artifactKey: Guid(bafed697fa0e8964d86d0bc0f22ccf16) Importer(815301076,1909f56bfc062723c751e8b465ee728b)
Start importing Assets/Synty/PolygonSciFiSpace/Prefabs/Props/SM_Prop_FoodPacket_04.prefab using Guid(bafed697fa0e8964d86d0bc0f22ccf16) Importer(815301076,1909f56bfc062723c751e8b465ee728b) [PhysX] Initialized MultithreadedTaskDispatcher with 12 workers.
[PhysX] Initialized MultithreadedTaskDispatcher with 12 workers.
 -> (artifact id: '25fb8fcffd151aa65377facab80e9a6d') in 0.139751 seconds
Number of updated asset objects reloaded before import = 0
Number of asset objects unloaded after import = 12
========================================================================
Received Import Request.
  Time since last request: 1.244261 seconds.
  path: Assets/Synty/PolygonSciFiSpace/Prefabs/Props/SM_Prop_FoodTray_03.prefab
  artifactKey: Guid(5c70f756d815e8b44805bfbaff4a8213) Importer(815301076,1909f56bfc062723c751e8b465ee728b)
Start importing Assets/Synty/PolygonSciFiSpace/Prefabs/Props/SM_Prop_FoodTray_03.prefab using Guid(5c70f756d815e8b44805bfbaff4a8213) Importer(815301076,1909f56bfc062723c751e8b465ee728b) [PhysX] Initialized MultithreadedTaskDispatcher with 12 workers.
[PhysX] Initialized MultithreadedTaskDispatcher with 12 workers.
 -> (artifact id: 'f1cbe7434639a3eaba2db99b227120ea') in 0.097873 seconds
Number of updated asset objects reloaded before import = 0
Number of asset objects unloaded after import = 12
========================================================================
Received Import Request.
  Time since last request: 0.000017 seconds.
  path: Assets/Synty/PolygonSciFiSpace/Prefabs/Props/SM_Prop_Greeble_Panel_01.prefab
  artifactKey: Guid(438a38d2a91e6614a8192a9004a52c5b) Importer(815301076,1909f56bfc062723c751e8b465ee728b)
Start importing Assets/Synty/PolygonSciFiSpace/Prefabs/Props/SM_Prop_Greeble_Panel_01.prefab using Guid(438a38d2a91e6614a8192a9004a52c5b) Importer(815301076,1909f56bfc062723c751e8b465ee728b) [PhysX] Initialized MultithreadedTaskDispatcher with 12 workers.
[PhysX] Initialized MultithreadedTaskDispatcher with 12 workers.
 -> (artifact id: 'ca3a602f108a90b9fbee3e10704fac69') in 0.076972 seconds
Number of updated asset objects reloaded before import = 0
Number of asset objects unloaded after import = 12
========================================================================
Received Import Request.
  Time since last request: 0.252701 seconds.
  path: Assets/Synty/PolygonSciFiSpace/Prefabs/Props/SM_Prop_Greeble_Panel_04.prefab
  artifactKey: Guid(c6d6462c46f84e043aa6557d3406ef98) Importer(815301076,1909f56bfc062723c751e8b465ee728b)
Start importing Assets/Synty/PolygonSciFiSpace/Prefabs/Props/SM_Prop_Greeble_Panel_04.prefab using Guid(c6d6462c46f84e043aa6557d3406ef98) Importer(815301076,1909f56bfc062723c751e8b465ee728b) [PhysX] Initialized MultithreadedTaskDispatcher with 12 workers.
[PhysX] Initialized MultithreadedTaskDispatcher with 12 workers.
 -> (artifact id: '027ea4ba0f124b135be0f169e4e50d64') in 0.097024 seconds
Number of updated asset objects reloaded before import = 0
Number of asset objects unloaded after import = 12
========================================================================
Received Import Request.
  Time since last request: 0.358546 seconds.
  path: Assets/Synty/PolygonSciFiSpace/Prefabs/Props/SM_Prop_Greeble_Panel_07.prefab
  artifactKey: Guid(02873d849a9deed45accc0d0dee3aa9e) Importer(815301076,1909f56bfc062723c751e8b465ee728b)
Start importing Assets/Synty/PolygonSciFiSpace/Prefabs/Props/SM_Prop_Greeble_Panel_07.prefab using Guid(02873d849a9deed45accc0d0dee3aa9e) Importer(815301076,1909f56bfc062723c751e8b465ee728b) [PhysX] Initialized MultithreadedTaskDispatcher with 12 workers.
[PhysX] Initialized MultithreadedTaskDispatcher with 12 workers.
 -> (artifact id: 'c57cb3e2cb46acce8ce5ad7d4d1e56c6') in 0.091981 seconds
Number of updated asset objects reloaded before import = 0
Number of asset objects unloaded after import = 12
========================================================================
Received Import Request.
  Time since last request: 0.020844 seconds.
  path: Assets/Synty/PolygonSciFiSpace/Prefabs/Props/SM_Prop_Hose_01.prefab
  artifactKey: Guid(13659d6e95862dc49829ce81098db40f) Importer(815301076,1909f56bfc062723c751e8b465ee728b)
Start importing Assets/Synty/PolygonSciFiSpace/Prefabs/Props/SM_Prop_Hose_01.prefab using Guid(13659d6e95862dc49829ce81098db40f) Importer(815301076,1909f56bfc062723c751e8b465ee728b) [PhysX] Initialized MultithreadedTaskDispatcher with 12 workers.
[PhysX] Initialized MultithreadedTaskDispatcher with 12 workers.
 -> (artifact id: '5f2499e15ce6b4e9004df045c68e74be') in 0.094840 seconds
Number of updated asset objects reloaded before import = 0
Number of asset objects unloaded after import = 12
========================================================================
Received Import Request.
  Time since last request: 0.382354 seconds.
  path: Assets/Synty/PolygonSciFiSpace/Prefabs/Props/SM_Prop_Hose_04.prefab
  artifactKey: Guid(5bcd401cde04eaf45b8fad081f7e6f29) Importer(815301076,1909f56bfc062723c751e8b465ee728b)
Start importing Assets/Synty/PolygonSciFiSpace/Prefabs/Props/SM_Prop_Hose_04.prefab using Guid(5bcd401cde04eaf45b8fad081f7e6f29) Importer(815301076,1909f56bfc062723c751e8b465ee728b) [PhysX] Initialized MultithreadedTaskDispatcher with 12 workers.
[PhysX] Initialized MultithreadedTaskDispatcher with 12 workers.
 -> (artifact id: '9d7021c1c8886c4c6776d4e41cfa8fca') in 0.145944 seconds
Number of updated asset objects reloaded before import = 0
Number of asset objects unloaded after import = 12
========================================================================
Received Import Request.
  Time since last request: 0.006268 seconds.
  path: Assets/Synty/PolygonSciFiSpace/Prefabs/Props/SM_Prop_Keycard_03.prefab
  artifactKey: Guid(f061716c3422949409d81690c15acde1) Importer(815301076,1909f56bfc062723c751e8b465ee728b)
Start importing Assets/Synty/PolygonSciFiSpace/Prefabs/Props/SM_Prop_Keycard_03.prefab using Guid(f061716c3422949409d81690c15acde1) Importer(815301076,1909f56bfc062723c751e8b465ee728b) [PhysX] Initialized MultithreadedTaskDispatcher with 12 workers.
[PhysX] Initialized MultithreadedTaskDispatcher with 12 workers.
 -> (artifact id: '7ebe030d15d4734de4b5367522c3345c') in 0.061788 seconds
Number of updated asset objects reloaded before import = 0
Number of asset objects unloaded after import = 12
========================================================================
Received Import Request.
  Time since last request: 0.203378 seconds.
  path: Assets/Synty/PolygonSciFiSpace/Prefabs/Props/SM_Prop_Ladder_Handles_01.prefab
  artifactKey: Guid(a2ddc19a6768a4642a58e0e779e2c664) Importer(815301076,1909f56bfc062723c751e8b465ee728b)
Start importing Assets/Synty/PolygonSciFiSpace/Prefabs/Props/SM_Prop_Ladder_Handles_01.prefab using Guid(a2ddc19a6768a4642a58e0e779e2c664) Importer(815301076,1909f56bfc062723c751e8b465ee728b) [PhysX] Initialized MultithreadedTaskDispatcher with 12 workers.
[PhysX] Initialized MultithreadedTaskDispatcher with 12 workers.
 -> (artifact id: 'f102a4f3fe11e31a9b1f280b91708d9b') in 0.128139 seconds
Number of updated asset objects reloaded before import = 0
Number of asset objects unloaded after import = 12
========================================================================
Received Import Request.
  Time since last request: 1.760472 seconds.
  path: Assets/Synty/PolygonSciFiSpace/Prefabs/Props/SM_Prop_Light_Panel_03.prefab
  artifactKey: Guid(b9de133cafbdb6041a397730eacd8a57) Importer(815301076,1909f56bfc062723c751e8b465ee728b)
Start importing Assets/Synty/PolygonSciFiSpace/Prefabs/Props/SM_Prop_Light_Panel_03.prefab using Guid(b9de133cafbdb6041a397730eacd8a57) Importer(815301076,1909f56bfc062723c751e8b465ee728b) [PhysX] Initialized MultithreadedTaskDispatcher with 12 workers.
[PhysX] Initialized MultithreadedTaskDispatcher with 12 workers.
 -> (artifact id: 'ab680ed747a620ead8fd4c3260f8b99b') in 0.129600 seconds
Number of updated asset objects reloaded before import = 0
Number of asset objects unloaded after import = 12
========================================================================
Received Import Request.
  Time since last request: 0.763551 seconds.
  path: Assets/Synty/PolygonSciFiSpace/Prefabs/Props/SM_Prop_Light_Small_01.prefab
  artifactKey: Guid(7cf2eb63fa2d99243b2fa1a263c7081b) Importer(815301076,1909f56bfc062723c751e8b465ee728b)
Start importing Assets/Synty/PolygonSciFiSpace/Prefabs/Props/SM_Prop_Light_Small_01.prefab using Guid(7cf2eb63fa2d99243b2fa1a263c7081b) Importer(815301076,1909f56bfc062723c751e8b465ee728b) [PhysX] Initialized MultithreadedTaskDispatcher with 12 workers.
[PhysX] Initialized MultithreadedTaskDispatcher with 12 workers.
 -> (artifact id: '69a49ce31504204bf5b13651b67acece') in 0.094263 seconds
Number of updated asset objects reloaded before import = 0
Number of asset objects unloaded after import = 12
========================================================================
Received Import Request.
  Time since last request: 0.318943 seconds.
  path: Assets/Synty/PolygonSciFiSpace/Prefabs/Props/SM_Prop_Light_Small_04.prefab
  artifactKey: Guid(c78f2f1e4d68b264b8b6dd5529269193) Importer(815301076,1909f56bfc062723c751e8b465ee728b)
Start importing Assets/Synty/PolygonSciFiSpace/Prefabs/Props/SM_Prop_Light_Small_04.prefab using Guid(c78f2f1e4d68b264b8b6dd5529269193) Importer(815301076,1909f56bfc062723c751e8b465ee728b) [PhysX] Initialized MultithreadedTaskDispatcher with 12 workers.
[PhysX] Initialized MultithreadedTaskDispatcher with 12 workers.
 -> (artifact id: '0d3be956b71cf3df265f855bc561bd76') in 0.127043 seconds
Number of updated asset objects reloaded before import = 0
Number of asset objects unloaded after import = 12
========================================================================
Received Import Request.
  Time since last request: 47.891261 seconds.
  path: Assets/Synty/PolygonSciFiSpace/Prefabs/Props/SM_Prop_Light_Small_07.prefab
  artifactKey: Guid(66626c2a5e8e9644f9bb09d6b94f56c3) Importer(815301076,1909f56bfc062723c751e8b465ee728b)
Start importing Assets/Synty/PolygonSciFiSpace/Prefabs/Props/SM_Prop_Light_Small_07.prefab using Guid(66626c2a5e8e9644f9bb09d6b94f56c3) Importer(815301076,1909f56bfc062723c751e8b465ee728b) [PhysX] Initialized MultithreadedTaskDispatcher with 12 workers.
[PhysX] Initialized MultithreadedTaskDispatcher with 12 workers.
 -> (artifact id: '8d9c761f7ab74dc4be8288f8e2311283') in 0.098787 seconds
Number of updated asset objects reloaded before import = 0
Number of asset objects unloaded after import = 12
========================================================================
Received Import Request.
  Time since last request: 0.053691 seconds.
  path: Assets/Synty/PolygonSciFiSpace/Prefabs/Props/SM_Prop_MapTable_Top_01.prefab
  artifactKey: Guid(b093daa8843f7ba429d137b77a8f2466) Importer(815301076,1909f56bfc062723c751e8b465ee728b)
Start importing Assets/Synty/PolygonSciFiSpace/Prefabs/Props/SM_Prop_MapTable_Top_01.prefab using Guid(b093daa8843f7ba429d137b77a8f2466) Importer(815301076,1909f56bfc062723c751e8b465ee728b) [PhysX] Initialized MultithreadedTaskDispatcher with 12 workers.
[PhysX] Initialized MultithreadedTaskDispatcher with 12 workers.
 -> (artifact id: '14ccdf02415d318a0647e431fdb62a5d') in 0.092188 seconds
Number of updated asset objects reloaded before import = 0
Number of asset objects unloaded after import = 12
========================================================================
Received Import Request.
  Time since last request: 0.156525 seconds.
  path: Assets/Synty/PolygonSciFiSpace/Prefabs/Props/SM_Prop_Medical_Cart_Bare_01.prefab
  artifactKey: Guid(e4ce1648ab31b6f419486a7f8e990c76) Importer(815301076,1909f56bfc062723c751e8b465ee728b)
Start importing Assets/Synty/PolygonSciFiSpace/Prefabs/Props/SM_Prop_Medical_Cart_Bare_01.prefab using Guid(e4ce1648ab31b6f419486a7f8e990c76) Importer(815301076,1909f56bfc062723c751e8b465ee728b) [PhysX] Initialized MultithreadedTaskDispatcher with 12 workers.
[PhysX] Initialized MultithreadedTaskDispatcher with 12 workers.
 -> (artifact id: '5d2f1d36d8b588ec7880705eb8b58676') in 0.104684 seconds
Number of updated asset objects reloaded before import = 0
Number of asset objects unloaded after import = 12
========================================================================
Received Import Request.
  Time since last request: 0.623473 seconds.
  path: Assets/Synty/PolygonSciFiSpace/Prefabs/Props/SM_Prop_Medical_Scanner_01.prefab
  artifactKey: Guid(dfe81bd52a37b3646be4c1ddf2fcfcd5) Importer(815301076,1909f56bfc062723c751e8b465ee728b)
Start importing Assets/Synty/PolygonSciFiSpace/Prefabs/Props/SM_Prop_Medical_Scanner_01.prefab using Guid(dfe81bd52a37b3646be4c1ddf2fcfcd5) Importer(815301076,1909f56bfc062723c751e8b465ee728b) [PhysX] Initialized MultithreadedTaskDispatcher with 12 workers.
[PhysX] Initialized MultithreadedTaskDispatcher with 12 workers.
 -> (artifact id: 'db7ed8bf32976b1c8e47a3c36f88c0ca') in 0.096157 seconds
Number of updated asset objects reloaded before import = 0
Number of asset objects unloaded after import = 12
========================================================================
Received Import Request.
  Time since last request: 1.369200 seconds.
  path: Assets/Synty/PolygonSciFiSpace/Prefabs/Props/SM_Prop_Mine_01.prefab
  artifactKey: Guid(b1d9322be573b484b8d301c58ab78af9) Importer(815301076,1909f56bfc062723c751e8b465ee728b)
Start importing Assets/Synty/PolygonSciFiSpace/Prefabs/Props/SM_Prop_Mine_01.prefab using Guid(b1d9322be573b484b8d301c58ab78af9) Importer(815301076,1909f56bfc062723c751e8b465ee728b) [PhysX] Initialized MultithreadedTaskDispatcher with 12 workers.
[PhysX] Initialized MultithreadedTaskDispatcher with 12 workers.
 -> (artifact id: '9219176930337790730cf435cf2bfd6e') in 0.133292 seconds
Number of updated asset objects reloaded before import = 0
Number of asset objects unloaded after import = 12
========================================================================
Received Import Request.
  Time since last request: 0.000013 seconds.
  path: Assets/Synty/PolygonSciFiSpace/Prefabs/Props/SM_Prop_Missile_03.prefab
  artifactKey: Guid(1efe32d384ddecf499f4a17ae066b6ba) Importer(815301076,1909f56bfc062723c751e8b465ee728b)
Start importing Assets/Synty/PolygonSciFiSpace/Prefabs/Props/SM_Prop_Missile_03.prefab using Guid(1efe32d384ddecf499f4a17ae066b6ba) Importer(815301076,1909f56bfc062723c751e8b465ee728b) [PhysX] Initialized MultithreadedTaskDispatcher with 12 workers.
[PhysX] Initialized MultithreadedTaskDispatcher with 12 workers.
 -> (artifact id: 'b50317b3f82cbb22ff4ee7606a8acc98') in 0.118589 seconds
Number of updated asset objects reloaded before import = 0
Number of asset objects unloaded after import = 12
========================================================================
Received Import Request.
  Time since last request: 1.197628 seconds.
  path: Assets/Synty/PolygonSciFiSpace/Prefabs/Props/SM_Prop_Missile_06.prefab
  artifactKey: Guid(dcd1bb2cdbd2803498563c1039c0ef35) Importer(815301076,1909f56bfc062723c751e8b465ee728b)
Start importing Assets/Synty/PolygonSciFiSpace/Prefabs/Props/SM_Prop_Missile_06.prefab using Guid(dcd1bb2cdbd2803498563c1039c0ef35) Importer(815301076,1909f56bfc062723c751e8b465ee728b) [PhysX] Initialized MultithreadedTaskDispatcher with 12 workers.
[PhysX] Initialized MultithreadedTaskDispatcher with 12 workers.
 -> (artifact id: '5c2ae1258375b2d77e576ad9718a719e') in 0.091884 seconds
Number of updated asset objects reloaded before import = 0
Number of asset objects unloaded after import = 12
========================================================================
Received Import Request.
  Time since last request: 0.542720 seconds.
  path: Assets/Synty/PolygonSciFiSpace/Prefabs/Props/SM_Prop_Oxygen_Tank_Large.prefab
  artifactKey: Guid(315d0b2430aa8e54ead1a58f89b80834) Importer(815301076,1909f56bfc062723c751e8b465ee728b)
Start importing Assets/Synty/PolygonSciFiSpace/Prefabs/Props/SM_Prop_Oxygen_Tank_Large.prefab using Guid(315d0b2430aa8e54ead1a58f89b80834) Importer(815301076,1909f56bfc062723c751e8b465ee728b) [PhysX] Initialized MultithreadedTaskDispatcher with 12 workers.
[PhysX] Initialized MultithreadedTaskDispatcher with 12 workers.
 -> (artifact id: 'e5a1e81ec1d911adef89f864eb6a04b5') in 0.090634 seconds
Number of updated asset objects reloaded before import = 0
Number of asset objects unloaded after import = 13
========================================================================
Received Import Request.
  Time since last request: 0.528074 seconds.
  path: Assets/Synty/PolygonSciFiSpace/Prefabs/Props/SM_Prop_Panel_01.prefab
  artifactKey: Guid(8f2ad6e03bc4f534ba582f1e2f604817) Importer(815301076,1909f56bfc062723c751e8b465ee728b)
Start importing Assets/Synty/PolygonSciFiSpace/Prefabs/Props/SM_Prop_Panel_01.prefab using Guid(8f2ad6e03bc4f534ba582f1e2f604817) Importer(815301076,1909f56bfc062723c751e8b465ee728b) [PhysX] Initialized MultithreadedTaskDispatcher with 12 workers.
[PhysX] Initialized MultithreadedTaskDispatcher with 12 workers.
 -> (artifact id: '8df299ed9bce1851fdb5dbf4ca7eb8cb') in 0.118276 seconds
Number of updated asset objects reloaded before import = 0
Number of asset objects unloaded after import = 12
========================================================================
Received Import Request.
  Time since last request: 0.000017 seconds.
  path: Assets/Synty/PolygonSciFiSpace/Prefabs/Props/SM_Prop_Screen_01.prefab
  artifactKey: Guid(f5e718d4a16af244997a097d461914f1) Importer(815301076,1909f56bfc062723c751e8b465ee728b)
Start importing Assets/Synty/PolygonSciFiSpace/Prefabs/Props/SM_Prop_Screen_01.prefab using Guid(f5e718d4a16af244997a097d461914f1) Importer(815301076,1909f56bfc062723c751e8b465ee728b) [PhysX] Initialized MultithreadedTaskDispatcher with 12 workers.
[PhysX] Initialized MultithreadedTaskDispatcher with 12 workers.
 -> (artifact id: '0f7e185bef97c9bfab84af6c0dedf8d9') in 0.077574 seconds
Number of updated asset objects reloaded before import = 0
Number of asset objects unloaded after import = 12
========================================================================
Received Import Request.
  Time since last request: 0.000023 seconds.
  path: Assets/Synty/PolygonSciFiSpace/Prefabs/Props/SM_Prop_Screen_02.prefab
  artifactKey: Guid(56d01d7561c37b740963cff5588d96bb) Importer(815301076,1909f56bfc062723c751e8b465ee728b)
Start importing Assets/Synty/PolygonSciFiSpace/Prefabs/Props/SM_Prop_Screen_02.prefab using Guid(56d01d7561c37b740963cff5588d96bb) Importer(815301076,1909f56bfc062723c751e8b465ee728b) [PhysX] Initialized MultithreadedTaskDispatcher with 12 workers.
[PhysX] Initialized MultithreadedTaskDispatcher with 12 workers.
 -> (artifact id: 'ebd1823ab14f5a845a1d7ee7a8f95547') in 0.067409 seconds
Number of updated asset objects reloaded before import = 0
Number of asset objects unloaded after import = 12
========================================================================
Received Import Request.
  Time since last request: 0.002350 seconds.
  path: Assets/Synty/PolygonSciFiSpace/Prefabs/Props/SM_Prop_Screen_04.prefab
  artifactKey: Guid(2f9bae87d9f936f4cb774683ae30e440) Importer(815301076,1909f56bfc062723c751e8b465ee728b)
Start importing Assets/Synty/PolygonSciFiSpace/Prefabs/Props/SM_Prop_Screen_04.prefab using Guid(2f9bae87d9f936f4cb774683ae30e440) Importer(815301076,1909f56bfc062723c751e8b465ee728b) [PhysX] Initialized MultithreadedTaskDispatcher with 12 workers.
[PhysX] Initialized MultithreadedTaskDispatcher with 12 workers.
 -> (artifact id: '0810832f06f5edeae8b95d92c401544c') in 0.102352 seconds
Number of updated asset objects reloaded before import = 0
Number of asset objects unloaded after import = 12
========================================================================
Received Import Request.
  Time since last request: 0.436164 seconds.
  path: Assets/Synty/PolygonSciFiSpace/Prefabs/Props/SM_Prop_Screen_05.prefab
  artifactKey: Guid(a5ec0cf213474e14c938e37b626b8729) Importer(815301076,1909f56bfc062723c751e8b465ee728b)
Start importing Assets/Synty/PolygonSciFiSpace/Prefabs/Props/SM_Prop_Screen_05.prefab using Guid(a5ec0cf213474e14c938e37b626b8729) Importer(815301076,1909f56bfc062723c751e8b465ee728b) [PhysX] Initialized MultithreadedTaskDispatcher with 12 workers.
[PhysX] Initialized MultithreadedTaskDispatcher with 12 workers.
 -> (artifact id: '8aedca30109d68a4872871ad4bbc5ae7') in 0.094988 seconds
Number of updated asset objects reloaded before import = 0
Number of asset objects unloaded after import = 12
========================================================================
Received Import Request.
  Time since last request: 0.043803 seconds.
  path: Assets/Synty/PolygonSciFiSpace/Prefabs/Props/SM_Prop_Screen_08.prefab
  artifactKey: Guid(50d2935532bcb5d47a8e0409d7db789b) Importer(815301076,1909f56bfc062723c751e8b465ee728b)
Start importing Assets/Synty/PolygonSciFiSpace/Prefabs/Props/SM_Prop_Screen_08.prefab using Guid(50d2935532bcb5d47a8e0409d7db789b) Importer(815301076,1909f56bfc062723c751e8b465ee728b) [PhysX] Initialized MultithreadedTaskDispatcher with 12 workers.
[PhysX] Initialized MultithreadedTaskDispatcher with 12 workers.
 -> (artifact id: 'a7642b72ce88d6a804723467bce2c242') in 0.097983 seconds
Number of updated asset objects reloaded before import = 0
Number of asset objects unloaded after import = 12
========================================================================
Received Import Request.
  Time since last request: 1.093186 seconds.
  path: Assets/Synty/PolygonSciFiSpace/Prefabs/Props/SM_Prop_Screen_11.prefab
  artifactKey: Guid(daecfc6de5463674b8444cbeb1195606) Importer(815301076,1909f56bfc062723c751e8b465ee728b)
Start importing Assets/Synty/PolygonSciFiSpace/Prefabs/Props/SM_Prop_Screen_11.prefab using Guid(daecfc6de5463674b8444cbeb1195606) Importer(815301076,1909f56bfc062723c751e8b465ee728b) [PhysX] Initialized MultithreadedTaskDispatcher with 12 workers.
[PhysX] Initialized MultithreadedTaskDispatcher with 12 workers.
 -> (artifact id: 'd894f29eabd4c4ac763eea3f6aa9a4c6') in 0.074874 seconds
Number of updated asset objects reloaded before import = 0
Number of asset objects unloaded after import = 12
========================================================================
Received Import Request.
  Time since last request: 0.144593 seconds.
  path: Assets/Synty/PolygonSciFiSpace/Prefabs/Props/SM_Prop_Sink_01.prefab
  artifactKey: Guid(7452b604be80d6247ac7ed13da6c3db8) Importer(815301076,1909f56bfc062723c751e8b465ee728b)
Start importing Assets/Synty/PolygonSciFiSpace/Prefabs/Props/SM_Prop_Sink_01.prefab using Guid(7452b604be80d6247ac7ed13da6c3db8) Importer(815301076,1909f56bfc062723c751e8b465ee728b) [PhysX] Initialized MultithreadedTaskDispatcher with 12 workers.
[PhysX] Initialized MultithreadedTaskDispatcher with 12 workers.
 -> (artifact id: '970fddf8b8e2e98d4e828043ba3ae951') in 0.098926 seconds
Number of updated asset objects reloaded before import = 0
Number of asset objects unloaded after import = 12
========================================================================
Received Import Request.
  Time since last request: 0.000019 seconds.
  path: Assets/Synty/PolygonSciFiSpace/Prefabs/Props/SM_Prop_Stairs_01.prefab
  artifactKey: Guid(a0fffb9fd33cef644a6dcc5854b8c482) Importer(815301076,1909f56bfc062723c751e8b465ee728b)
Start importing Assets/Synty/PolygonSciFiSpace/Prefabs/Props/SM_Prop_Stairs_01.prefab using Guid(a0fffb9fd33cef644a6dcc5854b8c482) Importer(815301076,1909f56bfc062723c751e8b465ee728b) [PhysX] Initialized MultithreadedTaskDispatcher with 12 workers.
[PhysX] Initialized MultithreadedTaskDispatcher with 12 workers.
 -> (artifact id: '99a8d7d60e5aeedf711f24f1049493a8') in 0.072789 seconds
Number of updated asset objects reloaded before import = 0
Number of asset objects unloaded after import = 12
========================================================================
Received Import Request.
  Time since last request: 0.475534 seconds.
  path: Assets/Synty/PolygonSciFiSpace/Prefabs/Props/SM_Prop_Stairs_02.prefab
  artifactKey: Guid(da30c7fab7ccb3e42b4222d0929109da) Importer(815301076,1909f56bfc062723c751e8b465ee728b)
Start importing Assets/Synty/PolygonSciFiSpace/Prefabs/Props/SM_Prop_Stairs_02.prefab using Guid(da30c7fab7ccb3e42b4222d0929109da) Importer(815301076,1909f56bfc062723c751e8b465ee728b) [PhysX] Initialized MultithreadedTaskDispatcher with 12 workers.
[PhysX] Initialized MultithreadedTaskDispatcher with 12 workers.
 -> (artifact id: 'd58a03cce93a193cc3a236b5200a8a7f') in 0.101121 seconds
Number of updated asset objects reloaded before import = 0
Number of asset objects unloaded after import = 12
========================================================================
Received Import Request.
  Time since last request: 0.000021 seconds.
  path: Assets/Synty/PolygonSciFiSpace/Prefabs/Props/SM_Prop_StairsPlatform_01.prefab
  artifactKey: Guid(d0b40bdd2107e2e44b62285cc29241f8) Importer(815301076,1909f56bfc062723c751e8b465ee728b)
Start importing Assets/Synty/PolygonSciFiSpace/Prefabs/Props/SM_Prop_StairsPlatform_01.prefab using Guid(d0b40bdd2107e2e44b62285cc29241f8) Importer(815301076,1909f56bfc062723c751e8b465ee728b) [PhysX] Initialized MultithreadedTaskDispatcher with 12 workers.
[PhysX] Initialized MultithreadedTaskDispatcher with 12 workers.
 -> (artifact id: 'd5c455030f19fa1020a645849d77be26') in 0.071204 seconds
Number of updated asset objects reloaded before import = 0
Number of asset objects unloaded after import = 12
========================================================================
Received Import Request.
  Time since last request: 0.009865 seconds.
  path: Assets/Synty/PolygonSciFiSpace/Prefabs/Props/SM_Prop_Table_01.prefab
  artifactKey: Guid(06d1f6df5e0fa744891b69d61c8db78d) Importer(815301076,1909f56bfc062723c751e8b465ee728b)
Start importing Assets/Synty/PolygonSciFiSpace/Prefabs/Props/SM_Prop_Table_01.prefab using Guid(06d1f6df5e0fa744891b69d61c8db78d) Importer(815301076,1909f56bfc062723c751e8b465ee728b) [PhysX] Initialized MultithreadedTaskDispatcher with 12 workers.
[PhysX] Initialized MultithreadedTaskDispatcher with 12 workers.
 -> (artifact id: '521a679d257998b21a590cba57092507') in 0.109966 seconds
Number of updated asset objects reloaded before import = 0
Number of asset objects unloaded after import = 16
========================================================================
Received Import Request.
  Time since last request: 0.000016 seconds.
  path: Assets/Synty/PolygonSciFiSpace/Prefabs/Props/SM_Prop_Test_Tube_02.prefab
  artifactKey: Guid(29ead088cdabdd54d89d48d4be115ca2) Importer(815301076,1909f56bfc062723c751e8b465ee728b)
Start importing Assets/Synty/PolygonSciFiSpace/Prefabs/Props/SM_Prop_Test_Tube_02.prefab using Guid(29ead088cdabdd54d89d48d4be115ca2) Importer(815301076,1909f56bfc062723c751e8b465ee728b) [PhysX] Initialized MultithreadedTaskDispatcher with 12 workers.
[PhysX] Initialized MultithreadedTaskDispatcher with 12 workers.
 -> (artifact id: '3c33abef1537d9d1ab63ec526a57868d') in 0.097496 seconds
Number of updated asset objects reloaded before import = 0
Number of asset objects unloaded after import = 18
========================================================================
Received Import Request.
  Time since last request: 0.767971 seconds.
  path: Assets/Synty/PolygonSciFiSpace/Prefabs/Props/SM_Prop_Toilet_01.prefab
  artifactKey: Guid(67d9a37adf80fda47b96158b11670d43) Importer(815301076,1909f56bfc062723c751e8b465ee728b)
Start importing Assets/Synty/PolygonSciFiSpace/Prefabs/Props/SM_Prop_Toilet_01.prefab using Guid(67d9a37adf80fda47b96158b11670d43) Importer(815301076,1909f56bfc062723c751e8b465ee728b) [PhysX] Initialized MultithreadedTaskDispatcher with 12 workers.
[PhysX] Initialized MultithreadedTaskDispatcher with 12 workers.
 -> (artifact id: 'def5c28f4e51da02393c6831ea4fbaae') in 0.079704 seconds
Number of updated asset objects reloaded before import = 0
Number of asset objects unloaded after import = 12
========================================================================
Received Import Request.
  Time since last request: 0.879833 seconds.
  path: Assets/Synty/PolygonSciFiSpace/Prefabs/Props/SM_Prop_Turret_Base_Double_03.prefab
  artifactKey: Guid(a794c31a181a6954e9ab74bcda5f4d8d) Importer(815301076,1909f56bfc062723c751e8b465ee728b)
Start importing Assets/Synty/PolygonSciFiSpace/Prefabs/Props/SM_Prop_Turret_Base_Double_03.prefab using Guid(a794c31a181a6954e9ab74bcda5f4d8d) Importer(815301076,1909f56bfc062723c751e8b465ee728b) [PhysX] Initialized MultithreadedTaskDispatcher with 12 workers.
[PhysX] Initialized MultithreadedTaskDispatcher with 12 workers.
 -> (artifact id: '76078873fe7170be9e7275c1fc8ecefb') in 0.094386 seconds
Number of updated asset objects reloaded before import = 0
Number of asset objects unloaded after import = 33
========================================================================
Received Import Request.
  Time since last request: 0.027392 seconds.
  path: Assets/Synty/PolygonSciFiSpace/Prefabs/Props/SM_Prop_Turret_Base_Double_06.prefab
  artifactKey: Guid(f4c5f8c2218dfeb4d93995f3d754a722) Importer(815301076,1909f56bfc062723c751e8b465ee728b)
Start importing Assets/Synty/PolygonSciFiSpace/Prefabs/Props/SM_Prop_Turret_Base_Double_06.prefab using Guid(f4c5f8c2218dfeb4d93995f3d754a722) Importer(815301076,1909f56bfc062723c751e8b465ee728b) [PhysX] Initialized MultithreadedTaskDispatcher with 12 workers.
[PhysX] Initialized MultithreadedTaskDispatcher with 12 workers.
 -> (artifact id: '9393a07c65e9a85011af2a8159791490') in 0.091975 seconds
Number of updated asset objects reloaded before import = 0
Number of asset objects unloaded after import = 26
========================================================================
Received Import Request.
  Time since last request: 0.710874 seconds.
  path: Assets/Synty/PolygonSciFiSpace/Prefabs/Props/SM_Prop_Turret_Base_Double_09.prefab
  artifactKey: Guid(84351268ba7f48f429acdec2c3724e04) Importer(815301076,1909f56bfc062723c751e8b465ee728b)
Start importing Assets/Synty/PolygonSciFiSpace/Prefabs/Props/SM_Prop_Turret_Base_Double_09.prefab using Guid(84351268ba7f48f429acdec2c3724e04) Importer(815301076,1909f56bfc062723c751e8b465ee728b) [PhysX] Initialized MultithreadedTaskDispatcher with 12 workers.
[PhysX] Initialized MultithreadedTaskDispatcher with 12 workers.
 -> (artifact id: '98fc582de238ed30b26a56ddd4141a5a') in 0.138693 seconds
Number of updated asset objects reloaded before import = 0
Number of asset objects unloaded after import = 24
========================================================================
Received Import Request.
  Time since last request: 0.510847 seconds.
  path: Assets/Synty/PolygonSciFiSpace/Prefabs/Props/SM_Prop_Turret_Base_Single_02.prefab
  artifactKey: Guid(121432c6b8493534cb89dae567754a46) Importer(815301076,1909f56bfc062723c751e8b465ee728b)
Start importing Assets/Synty/PolygonSciFiSpace/Prefabs/Props/SM_Prop_Turret_Base_Single_02.prefab using Guid(121432c6b8493534cb89dae567754a46) Importer(815301076,1909f56bfc062723c751e8b465ee728b) [PhysX] Initialized MultithreadedTaskDispatcher with 12 workers.
[PhysX] Initialized MultithreadedTaskDispatcher with 12 workers.
 -> (artifact id: 'cb138cfd0e657ba39e68c5ac94689508') in 0.082690 seconds
Number of updated asset objects reloaded before import = 0
Number of asset objects unloaded after import = 26
========================================================================
Received Import Request.
  Time since last request: 0.034462 seconds.
  path: Assets/Synty/PolygonSciFiSpace/Prefabs/Props/SM_Prop_Turret_Base_Single_05.prefab
  artifactKey: Guid(12f2ba25fda7c1545823660b19a179e6) Importer(815301076,1909f56bfc062723c751e8b465ee728b)
Start importing Assets/Synty/PolygonSciFiSpace/Prefabs/Props/SM_Prop_Turret_Base_Single_05.prefab using Guid(12f2ba25fda7c1545823660b19a179e6) Importer(815301076,1909f56bfc062723c751e8b465ee728b) [PhysX] Initialized MultithreadedTaskDispatcher with 12 workers.
[PhysX] Initialized MultithreadedTaskDispatcher with 12 workers.
 -> (artifact id: '2710746e69550fa9d9331c52f67138e9') in 0.100695 seconds
Number of updated asset objects reloaded before import = 0
Number of asset objects unloaded after import = 26
========================================================================
Received Import Request.
  Time since last request: 1.338297 seconds.
  path: Assets/Synty/PolygonSciFiSpace/Prefabs/Props/SM_Prop_Turret_Base_Single_08.prefab
  artifactKey: Guid(e7c3deccc3e5f4241b32703d21601aa3) Importer(815301076,1909f56bfc062723c751e8b465ee728b)
Start importing Assets/Synty/PolygonSciFiSpace/Prefabs/Props/SM_Prop_Turret_Base_Single_08.prefab using Guid(e7c3deccc3e5f4241b32703d21601aa3) Importer(815301076,1909f56bfc062723c751e8b465ee728b) [PhysX] Initialized MultithreadedTaskDispatcher with 12 workers.
[PhysX] Initialized MultithreadedTaskDispatcher with 12 workers.
 -> (artifact id: 'dcd98b0ef234f96982cdae3a56ed9535') in 0.091687 seconds
Number of updated asset objects reloaded before import = 0
Number of asset objects unloaded after import = 24
========================================================================
Received Import Request.
  Time since last request: 0.000022 seconds.
  path: Assets/Synty/PolygonSciFiSpace/Prefabs/Props/SM_Prop_Turret_Small_Ceiling_01.prefab
  artifactKey: Guid(9a4c1e6735c82ae4e9692018e49afbca) Importer(815301076,1909f56bfc062723c751e8b465ee728b)
Start importing Assets/Synty/PolygonSciFiSpace/Prefabs/Props/SM_Prop_Turret_Small_Ceiling_01.prefab using Guid(9a4c1e6735c82ae4e9692018e49afbca) Importer(815301076,1909f56bfc062723c751e8b465ee728b) [PhysX] Initialized MultithreadedTaskDispatcher with 12 workers.
[PhysX] Initialized MultithreadedTaskDispatcher with 12 workers.
 -> (artifact id: '6cb30d10a46b73ee85fc5049bd4ff558') in 0.093149 seconds
Number of updated asset objects reloaded before import = 0
Number of asset objects unloaded after import = 24
========================================================================
Received Import Request.
  Time since last request: 0.000022 seconds.
  path: Assets/Synty/PolygonSciFiSpace/Prefabs/Props/SM_Prop_Wall_Panel_Small_03.prefab
  artifactKey: Guid(4d463a92222c5e642b26c02e257c4ef3) Importer(815301076,1909f56bfc062723c751e8b465ee728b)
Start importing Assets/Synty/PolygonSciFiSpace/Prefabs/Props/SM_Prop_Wall_Panel_Small_03.prefab using Guid(4d463a92222c5e642b26c02e257c4ef3) Importer(815301076,1909f56bfc062723c751e8b465ee728b) [PhysX] Initialized MultithreadedTaskDispatcher with 12 workers.
[PhysX] Initialized MultithreadedTaskDispatcher with 12 workers.
 -> (artifact id: 'b4d2ba7b10946a6987f2f9a4b421b617') in 0.083786 seconds
Number of updated asset objects reloaded before import = 0
Number of asset objects unloaded after import = 12
========================================================================
Received Import Request.
  Time since last request: 0.000027 seconds.
  path: Assets/Synty/PolygonSciFiSpace/Prefabs/Props/SM_Prop_Wires_02.prefab
  artifactKey: Guid(0c85e9e57bec91846bf3b8cdd2e2bc51) Importer(815301076,1909f56bfc062723c751e8b465ee728b)
Start importing Assets/Synty/PolygonSciFiSpace/Prefabs/Props/SM_Prop_Wires_02.prefab using Guid(0c85e9e57bec91846bf3b8cdd2e2bc51) Importer(815301076,1909f56bfc062723c751e8b465ee728b) [PhysX] Initialized MultithreadedTaskDispatcher with 12 workers.
[PhysX] Initialized MultithreadedTaskDispatcher with 12 workers.
 -> (artifact id: '2b904c69ab6aa9aa879efb584af7999f') in 0.080221 seconds
Number of updated asset objects reloaded before import = 0
Number of asset objects unloaded after import = 12
========================================================================
Received Import Request.
  Time since last request: 0.465022 seconds.
  path: Assets/Synty/PolygonSciFiSpace/Prefabs/Props/SM_Prop_Wires_03.prefab
  artifactKey: Guid(ba962a243985cb54ca8c2646fa9ca82f) Importer(815301076,1909f56bfc062723c751e8b465ee728b)
Start importing Assets/Synty/PolygonSciFiSpace/Prefabs/Props/SM_Prop_Wires_03.prefab using Guid(ba962a243985cb54ca8c2646fa9ca82f) Importer(815301076,1909f56bfc062723c751e8b465ee728b) [PhysX] Initialized MultithreadedTaskDispatcher with 12 workers.
[PhysX] Initialized MultithreadedTaskDispatcher with 12 workers.
 -> (artifact id: 'f204295a03ee698a32fa55e244904ecc') in 0.121166 seconds
Number of updated asset objects reloaded before import = 0
Number of asset objects unloaded after import = 12
========================================================================
Received Import Request.
  Time since last request: 73.068835 seconds.
  path: Assets/Synty/PolygonSciFiSpace/Prefabs/Props/SM_Prop_CenterTube_01.prefab
  artifactKey: Guid(f796d66558fca29419a48453d6837c5b) Importer(815301076,1909f56bfc062723c751e8b465ee728b)
Start importing Assets/Synty/PolygonSciFiSpace/Prefabs/Props/SM_Prop_CenterTube_01.prefab using Guid(f796d66558fca29419a48453d6837c5b) Importer(815301076,1909f56bfc062723c751e8b465ee728b) [PhysX] Initialized MultithreadedTaskDispatcher with 12 workers.
[PhysX] Initialized MultithreadedTaskDispatcher with 12 workers.
 -> (artifact id: '5edd8847295095d0249e491868f1dd28') in 0.092541 seconds
Number of updated asset objects reloaded before import = 0
Number of asset objects unloaded after import = 18
========================================================================
Received Import Request.
  Time since last request: 0.680504 seconds.
  path: Assets/Synty/PolygonSciFiSpace/Prefabs/Props/SM_Prop_Buttons_14.prefab
  artifactKey: Guid(66e6344a493b65542ae582e85907dfe7) Importer(815301076,1909f56bfc062723c751e8b465ee728b)
Start importing Assets/Synty/PolygonSciFiSpace/Prefabs/Props/SM_Prop_Buttons_14.prefab using Guid(66e6344a493b65542ae582e85907dfe7) Importer(815301076,1909f56bfc062723c751e8b465ee728b) [PhysX] Initialized MultithreadedTaskDispatcher with 12 workers.
[PhysX] Initialized MultithreadedTaskDispatcher with 12 workers.
 -> (artifact id: 'f7e4f7b3a55dcb171d01479d4e1e635a') in 0.074577 seconds
Number of updated asset objects reloaded before import = 0
Number of asset objects unloaded after import = 12
========================================================================
Received Import Request.
  Time since last request: 0.000016 seconds.
  path: Assets/Synty/PolygonSciFiSpace/Prefabs/Props/SM_Prop_Buttons_12.prefab
  artifactKey: Guid(4b76395a38d8a3b4fa6c8ef7ea83846d) Importer(815301076,1909f56bfc062723c751e8b465ee728b)
Start importing Assets/Synty/PolygonSciFiSpace/Prefabs/Props/SM_Prop_Buttons_12.prefab using Guid(4b76395a38d8a3b4fa6c8ef7ea83846d) Importer(815301076,1909f56bfc062723c751e8b465ee728b) [PhysX] Initialized MultithreadedTaskDispatcher with 12 workers.
[PhysX] Initialized MultithreadedTaskDispatcher with 12 workers.
 -> (artifact id: 'ef5401b30cc29106f594f424dc28e5a4') in 0.081437 seconds
Number of updated asset objects reloaded before import = 0
Number of asset objects unloaded after import = 12
========================================================================
Received Import Request.
  Time since last request: 0.000024 seconds.
  path: Assets/Synty/PolygonSciFiSpace/Prefabs/Props/SM_Prop_Buttons_08.prefab
  artifactKey: Guid(8fde31d91272e1844a0df0301c0e1d9a) Importer(815301076,1909f56bfc062723c751e8b465ee728b)
Start importing Assets/Synty/PolygonSciFiSpace/Prefabs/Props/SM_Prop_Buttons_08.prefab using Guid(8fde31d91272e1844a0df0301c0e1d9a) Importer(815301076,1909f56bfc062723c751e8b465ee728b) [PhysX] Initialized MultithreadedTaskDispatcher with 12 workers.
[PhysX] Initialized MultithreadedTaskDispatcher with 12 workers.
 -> (artifact id: 'de1816f163ffb1c08ffc58f0228ff7f9') in 0.074420 seconds
Number of updated asset objects reloaded before import = 0
Number of asset objects unloaded after import = 12
========================================================================
Received Import Request.
  Time since last request: 0.000024 seconds.
  path: Assets/Synty/PolygonSciFiSpace/Prefabs/Props/SM_Prop_Buttons_11.prefab
  artifactKey: Guid(d748e55e55f1690498d4631400a99377) Importer(815301076,1909f56bfc062723c751e8b465ee728b)
Start importing Assets/Synty/PolygonSciFiSpace/Prefabs/Props/SM_Prop_Buttons_11.prefab using Guid(d748e55e55f1690498d4631400a99377) Importer(815301076,1909f56bfc062723c751e8b465ee728b) [PhysX] Initialized MultithreadedTaskDispatcher with 12 workers.
[PhysX] Initialized MultithreadedTaskDispatcher with 12 workers.
 -> (artifact id: 'bd2ae0524f74f93d5c037484828ed0e4') in 0.067948 seconds
Number of updated asset objects reloaded before import = 0
Number of asset objects unloaded after import = 12
========================================================================
Received Import Request.
  Time since last request: 0.385782 seconds.
  path: Assets/Synty/PolygonSciFiSpace/Prefabs/Props/SM_Prop_Buttons_05.prefab
  artifactKey: Guid(754adea0ca800e04986666320d21b972) Importer(815301076,1909f56bfc062723c751e8b465ee728b)
Start importing Assets/Synty/PolygonSciFiSpace/Prefabs/Props/SM_Prop_Buttons_05.prefab using Guid(754adea0ca800e04986666320d21b972) Importer(815301076,1909f56bfc062723c751e8b465ee728b) [PhysX] Initialized MultithreadedTaskDispatcher with 12 workers.
[PhysX] Initialized MultithreadedTaskDispatcher with 12 workers.
 -> (artifact id: '5034990b26589b3488f3ab5153684145') in 0.069866 seconds
Number of updated asset objects reloaded before import = 0
Number of asset objects unloaded after import = 12
========================================================================
Received Import Request.
  Time since last request: 0.543250 seconds.
  path: Assets/Synty/PolygonSciFiSpace/Prefabs/Props/SM_Prop_Buttons_02.prefab
  artifactKey: Guid(afb33bca531242745ba3f2ca6079688f) Importer(815301076,1909f56bfc062723c751e8b465ee728b)
Start importing Assets/Synty/PolygonSciFiSpace/Prefabs/Props/SM_Prop_Buttons_02.prefab using Guid(afb33bca531242745ba3f2ca6079688f) Importer(815301076,1909f56bfc062723c751e8b465ee728b) [PhysX] Initialized MultithreadedTaskDispatcher with 12 workers.
[PhysX] Initialized MultithreadedTaskDispatcher with 12 workers.
 -> (artifact id: '72c2d958e60622a63ae7d315c8e91199') in 0.060073 seconds
Number of updated asset objects reloaded before import = 0
Number of asset objects unloaded after import = 12
========================================================================
Received Import Request.
  Time since last request: 0.000024 seconds.
  path: Assets/Synty/PolygonSciFiSpace/Prefabs/Props/SM_Prop_Buttons_04.prefab
  artifactKey: Guid(0dd04934f03a0444fa275258a8d88e49) Importer(815301076,1909f56bfc062723c751e8b465ee728b)
Start importing Assets/Synty/PolygonSciFiSpace/Prefabs/Props/SM_Prop_Buttons_04.prefab using Guid(0dd04934f03a0444fa275258a8d88e49) Importer(815301076,1909f56bfc062723c751e8b465ee728b) [PhysX] Initialized MultithreadedTaskDispatcher with 12 workers.
[PhysX] Initialized MultithreadedTaskDispatcher with 12 workers.
 -> (artifact id: '162f7c1e9d3cba4e5f51726628dc69bd') in 0.042331 seconds
Number of updated asset objects reloaded before import = 0
Number of asset objects unloaded after import = 12
========================================================================
Received Import Request.
  Time since last request: 8.480109 seconds.
  path: Assets/Synty/PolygonSciFiSpace/Prefabs/Props/SM_Prop_Bed_03.prefab
  artifactKey: Guid(9a93e7a4a97a1454bb0af3adb80099f1) Importer(815301076,1909f56bfc062723c751e8b465ee728b)
Start importing Assets/Synty/PolygonSciFiSpace/Prefabs/Props/SM_Prop_Bed_03.prefab using Guid(9a93e7a4a97a1454bb0af3adb80099f1) Importer(815301076,1909f56bfc062723c751e8b465ee728b) [PhysX] Initialized MultithreadedTaskDispatcher with 12 workers.
[PhysX] Initialized MultithreadedTaskDispatcher with 12 workers.
 -> (artifact id: 'fe215fbd1d172693b3e20b1b3cc42065') in 0.130827 seconds
Number of updated asset objects reloaded before import = 0
Number of asset objects unloaded after import = 12
========================================================================
Received Import Request.
  Time since last request: 0.002693 seconds.
  path: Assets/Synty/PolygonSciFiSpace/Prefabs/Props/SM_Prop_Battery_03.prefab
  artifactKey: Guid(08bde06c179f5274892999713e6998e9) Importer(815301076,1909f56bfc062723c751e8b465ee728b)
Start importing Assets/Synty/PolygonSciFiSpace/Prefabs/Props/SM_Prop_Battery_03.prefab using Guid(08bde06c179f5274892999713e6998e9) Importer(815301076,1909f56bfc062723c751e8b465ee728b) [PhysX] Initialized MultithreadedTaskDispatcher with 12 workers.
[PhysX] Initialized MultithreadedTaskDispatcher with 12 workers.
 -> (artifact id: 'e60ddbbd239d764ffa707011853c473e') in 0.103600 seconds
Number of updated asset objects reloaded before import = 0
Number of asset objects unloaded after import = 12
========================================================================
Received Import Request.
  Time since last request: 0.000023 seconds.
  path: Assets/Synty/PolygonSciFiSpace/Prefabs/Props/SM_Prop_Barrel_01.prefab
  artifactKey: Guid(311e5dd270daced46a5eaa165501520c) Importer(815301076,1909f56bfc062723c751e8b465ee728b)
Start importing Assets/Synty/PolygonSciFiSpace/Prefabs/Props/SM_Prop_Barrel_01.prefab using Guid(311e5dd270daced46a5eaa165501520c) Importer(815301076,1909f56bfc062723c751e8b465ee728b) [PhysX] Initialized MultithreadedTaskDispatcher with 12 workers.
[PhysX] Initialized MultithreadedTaskDispatcher with 12 workers.
 -> (artifact id: '5184196719c826495d49bc6fcfc9a357') in 0.130137 seconds
Number of updated asset objects reloaded before import = 0
Number of asset objects unloaded after import = 12
========================================================================
Received Import Request.
  Time since last request: 0.000018 seconds.
  path: Assets/Synty/PolygonSciFiSpace/Prefabs/Props/SM_Prop_AirVent_Small_01.prefab
  artifactKey: Guid(7cfdac9897d75ff46b48feabe9881f12) Importer(815301076,1909f56bfc062723c751e8b465ee728b)
Start importing Assets/Synty/PolygonSciFiSpace/Prefabs/Props/SM_Prop_AirVent_Small_01.prefab using Guid(7cfdac9897d75ff46b48feabe9881f12) Importer(815301076,1909f56bfc062723c751e8b465ee728b) [PhysX] Initialized MultithreadedTaskDispatcher with 12 workers.
[PhysX] Initialized MultithreadedTaskDispatcher with 12 workers.
 -> (artifact id: 'f195987eeddd1cebf37fba4caa755a62') in 0.126511 seconds
Number of updated asset objects reloaded before import = 0
Number of asset objects unloaded after import = 12
========================================================================
Received Prepare
Caller must complete domain reload
Begin MonoManager ReloadAssembly
- Loaded All Assemblies, in  0.498 seconds
Native extension for WindowsStandalone target not found
Native extension for iOS target not found
Native extension for Android target not found
Mono: successfully reloaded assembly
[Package Manager] Server::EnsureServerProcessIsRunning -- launch failed, reason: Unity was launched with the -noUpm command-line argument
[Package Manager] UpmClient::Send -- Unable to send message (not connected to UPM process).
[Package Manager] Cannot connect to Unity Package Manager local server
- Finished resetting the current domain, in  1.610 seconds
Domain Reload Profiling: 2104ms
	BeginReloadAssembly (162ms)
		ExecutionOrderSort (0ms)
		DisableScriptedObjects (6ms)
		BackupInstance (0ms)
		ReleaseScriptingObjects (0ms)
		CreateAndSetChildDomain (35ms)
	RebuildCommonClasses (33ms)
	RebuildNativeTypeToScriptingClass (11ms)
	initialDomainReloadingComplete (33ms)
	LoadAllAssembliesAndSetupDomain (255ms)
		LoadAssemblies (322ms)
		RebuildTransferFunctionScriptingTraits (0ms)
		AnalyzeDomain (18ms)
			TypeCache.Refresh (8ms)
				TypeCache.ScanAssembly (0ms)
			ScanForSourceGeneratedMonoScriptInfo (0ms)
			ResolveRequiredComponents (8ms)
	FinalizeReload (1611ms)
		ReleaseScriptCaches (0ms)
		RebuildScriptCaches (0ms)
		SetupLoadedEditorAssemblies (604ms)
			LogAssemblyErrors (0ms)
			InitializePlatformSupportModulesInManaged (39ms)
			SetLoadedEditorAssemblies (5ms)
			RefreshPlugins (0ms)
			BeforeProcessingInitializeOnLoad (95ms)
			ProcessInitializeOnLoadAttributes (379ms)
			ProcessInitializeOnLoadMethodAttributes (73ms)
			AfterProcessingInitializeOnLoad (13ms)
			EditorAssembliesLoaded (0ms)
		ExecutionOrderSort2 (0ms)
		AwakeInstancesAfterBackupRestoration (11ms)
Refreshing native plugins compatible for Editor in 7.67 ms, found 4 plugins.
Preloading 0 native plugins for Editor in 0.00 ms.
Unloading 5295 Unused Serialized files (Serialized files now loaded: 0)
Unloading 20 unused Assets / (474.3 KB). Loaded Objects now: 5848.
Memory consumption went from 184.3 MB to 183.8 MB.
Total: 4.027600 ms (FindLiveObjects: 0.456200 ms CreateObjectMapping: 0.509100 ms MarkObjects: 2.748100 ms  DeleteObjects: 0.313000 ms)

Prepare: number of updated asset objects reloaded= 0
AssetImportParameters requested are different than current active one (requested -> active):
  custom:container-demuxer-ogg: 62fdf1f143b41e24485cea50d1cbac27 -> 
  custom:video-codec-MediaFoundation-h265: 746d11721c4dcdbdad8f713fa42b33f4 -> 
  custom:video-decoder-ogg-theora: a1e56fd34408186e4bbccfd4996cb3dc -> 
  custom:framework-win-MediaFoundation: 216162199b28c13a410421893ffa2e32 -> 
  custom:CustomObjectIndexerAttribute: 9a22284fe3817be447336de3de66b15e -> 
  custom:container-demuxer-webm: 4f35f7cbe854078d1ac9338744f61a02 -> 
  custom:container-muxer-webm: aa71ff27fc2769a1b78a27578f13a17b -> 
  custom:video-decoder-webm-vp8: 9c59270c3fd7afecdb556c50c9e8de78 -> 
  custom:SearchIndexIgnoredProperties: e643bd26f0fe6173181afceb89e7c659 -> 
  custom:AudioImporter_EditorPlatform: d09bf68614088b80899f8185d706f6e7 -> 
  custom:video-encoder-webm-vp8: eb34c28f22e8b96e1ab97ce403110664 -> 
  custom:audio-decoder-ogg-vorbis: bf7c407c2cedff20999df2af8eb42d56 -> 
  custom:audio-encoder-webm-vorbis: bf7c407c2cedff20999df2af8eb42d56 -> 
Editor requested this worker to shutdown with reason: Scaling down because of idle timeout
TcpMessagingSession - receive error: operation aborted. errorcode: 995, details: The I/O operation has been aborted because of either a thread exit or an application request.
AssetImportWorker is now disconnected from the server
Process exiting
Exiting without the bug reporter. Application will terminate with return code 0