Using pre-set license
Built from '2022.3/staging' branch; Version is '2022.3.50f1 (c3db7f8bf9b1) revision 12835711'; Using compiler version '192829333'; Build Type 'Release'
OS: 'Windows 11  (10.0.26200) 64bit Core' Language: 'en' Physical Memory: 32605 MB
BatchMode: 1, IsHumanControllingUs: 0, StartBugReporterOnCrash: 0, Is64bit: 1, IsPro: 1

COMMAND LINE ARGUMENTS:
C:\Program Files\Unity\Hub\Editor\2022.3.50f1\Editor\Unity.exe
-adb2
-batchMode
-noUpm
-name
AssetImportWorker9
-projectPath
D:/Projects/Tattoo-Game/Tattoo Game
-logFile
Logs/AssetImportWorker9.log
-srvPort
62593
Successfully changed project path to: D:/Projects/Tattoo-Game/Tattoo Game
D:/Projects/Tattoo-Game/Tattoo Game
[UnityMemory] Configuration Parameters - Can be set up in boot.config
    "memorysetup-bucket-allocator-granularity=16"
    "memorysetup-bucket-allocator-bucket-count=8"
    "memorysetup-bucket-allocator-block-size=33554432"
    "memorysetup-bucket-allocator-block-count=8"
    "memorysetup-main-allocator-block-size=16777216"
    "memorysetup-thread-allocator-block-size=16777216"
    "memorysetup-gfx-main-allocator-block-size=16777216"
    "memorysetup-gfx-thread-allocator-block-size=16777216"
    "memorysetup-cache-allocator-block-size=4194304"
    "memorysetup-typetree-allocator-block-size=2097152"
    "memorysetup-profiler-bucket-allocator-granularity=16"
    "memorysetup-profiler-bucket-allocator-bucket-count=8"
    "memorysetup-profiler-bucket-allocator-block-size=33554432"
    "memorysetup-profiler-bucket-allocator-block-count=8"
    "memorysetup-profiler-allocator-block-size=16777216"
    "memorysetup-profiler-editor-allocator-block-size=1048576"
    "memorysetup-temp-allocator-size-main=16777216"
    "memorysetup-job-temp-allocator-block-size=2097152"
    "memorysetup-job-temp-allocator-block-size-background=1048576"
    "memorysetup-job-temp-allocator-reduction-small-platforms=262144"
    "memorysetup-allocator-temp-initial-block-size-main=262144"
    "memorysetup-allocator-temp-initial-block-size-worker=262144"
    "memorysetup-temp-allocator-size-background-worker=32768"
    "memorysetup-temp-allocator-size-job-worker=262144"
    "memorysetup-temp-allocator-size-preload-manager=33554432"
    "memorysetup-temp-allocator-size-nav-mesh-worker=65536"
    "memorysetup-temp-allocator-size-audio-worker=65536"
    "memorysetup-temp-allocator-size-cloud-worker=32768"
    "memorysetup-temp-allocator-size-gi-baking-worker=262144"
    "memorysetup-temp-allocator-size-gfx=262144"
Player connection [4216]  Target information:

Player connection [4216]  * "[IP] 192.168.133.1 [Port] 0 [Flags] 2 [Guid] 3331524116 [EditorId] 3331524116 [Version] 1048832 [Id] WindowsEditor(7,Tortuga) [Debug] 1 [PackageName] WindowsEditor [ProjectName] Editor" 

Player connection [4216]  * "[IP] 192.168.64.1 [Port] 0 [Flags] 2 [Guid] 3331524116 [EditorId] 3331524116 [Version] 1048832 [Id] WindowsEditor(7,Tortuga) [Debug] 1 [PackageName] WindowsEditor [ProjectName] Editor" 

Player connection [4216]  * "[IP] 192.168.0.179 [Port] 0 [Flags] 2 [Guid] 3331524116 [EditorId] 3331524116 [Version] 1048832 [Id] WindowsEditor(7,Tortuga) [Debug] 1 [PackageName] WindowsEditor [ProjectName] Editor" 

Player connection [4216] Host joined multi-casting on [225.0.0.222:54997]...
Player connection [4216] Host joined alternative multi-casting on [225.0.0.222:34997]...
[PhysX] Initialized MultithreadedTaskDispatcher with 12 workers.
Refreshing native plugins compatible for Editor in 16.26 ms, found 4 plugins.
Preloading 0 native plugins for Editor in 0.00 ms.
Initialize engine version: 2022.3.50f1 (c3db7f8bf9b1)
[Subsystems] Discovering subsystems at path C:/Program Files/Unity/Hub/Editor/2022.3.50f1/Editor/Data/Resources/UnitySubsystems
[Subsystems] Discovering subsystems at path D:/Projects/Tattoo-Game/Tattoo Game/Assets
GfxDevice: creating device client; threaded=0; jobified=0
Direct3D:
    Version:  Direct3D 11.0 [level 11.1]
    Renderer: NVIDIA GeForce RTX 3060 Laptop GPU (ID=0x2520)
    Vendor:   NVIDIA
    VRAM:     5994 MB
    Driver:   32.0.15.9227
Initialize mono
Mono path[0] = 'C:/Program Files/Unity/Hub/Editor/2022.3.50f1/Editor/Data/Managed'
Mono path[1] = 'C:/Program Files/Unity/Hub/Editor/2022.3.50f1/Editor/Data/MonoBleedingEdge/lib/mono/unityjit-win32'
Mono config path = 'C:/Program Files/Unity/Hub/Editor/2022.3.50f1/Editor/Data/MonoBleedingEdge/etc'
Using monoOptions --debugger-agent=transport=dt_socket,embedding=1,server=y,suspend=n,address=127.0.0.1:56404
Begin MonoManager ReloadAssembly
Registering precompiled unity dll's ...
Register platform support module: C:/Program Files/Unity/Hub/Editor/2022.3.50f1/Editor/Data/PlaybackEngines/AndroidPlayer/UnityEditor.Android.Extensions.dll
Register platform support module: C:/Program Files/Unity/Hub/Editor/2022.3.50f1/Editor/Data/PlaybackEngines/iOSSupport/UnityEditor.iOS.Extensions.dll
Register platform support module: C:/Program Files/Unity/Hub/Editor/2022.3.50f1/Editor/Data/PlaybackEngines/WindowsStandaloneSupport/UnityEditor.WindowsStandalone.Extensions.dll
Registered in 0.014013 seconds.
- Loaded All Assemblies, in  0.363 seconds
Native extension for WindowsStandalone target not found
[usbmuxd] Start listen thread
[usbmuxd] Listen thread started
Native extension for iOS target not found
Native extension for Android target not found
Android Extension - Scanning For ADB Devices 279 ms
Mono: successfully reloaded assembly
- Finished resetting the current domain, in  0.718 seconds
Domain Reload Profiling: 1078ms
	BeginReloadAssembly (107ms)
		ExecutionOrderSort (0ms)
		DisableScriptedObjects (0ms)
		BackupInstance (0ms)
		ReleaseScriptingObjects (0ms)
		CreateAndSetChildDomain (1ms)
	RebuildCommonClasses (32ms)
	RebuildNativeTypeToScriptingClass (10ms)
	initialDomainReloadingComplete (65ms)
	LoadAllAssembliesAndSetupDomain (145ms)
		LoadAssemblies (105ms)
		RebuildTransferFunctionScriptingTraits (0ms)
		AnalyzeDomain (142ms)
			TypeCache.Refresh (140ms)
				TypeCache.ScanAssembly (127ms)
			ScanForSourceGeneratedMonoScriptInfo (0ms)
			ResolveRequiredComponents (0ms)
	FinalizeReload (718ms)
		ReleaseScriptCaches (0ms)
		RebuildScriptCaches (0ms)
		SetupLoadedEditorAssemblies (650ms)
			LogAssemblyErrors (0ms)
			InitializePlatformSupportModulesInManaged (378ms)
			SetLoadedEditorAssemblies (4ms)
			RefreshPlugins (0ms)
			BeforeProcessingInitializeOnLoad (2ms)
			ProcessInitializeOnLoadAttributes (174ms)
			ProcessInitializeOnLoadMethodAttributes (92ms)
			AfterProcessingInitializeOnLoad (0ms)
			EditorAssembliesLoaded (0ms)
		ExecutionOrderSort2 (0ms)
		AwakeInstancesAfterBackupRestoration (0ms)
========================================================================
Worker process is ready to serve import requests
Caller must complete domain reload
Begin MonoManager ReloadAssembly
- Loaded All Assemblies, in  0.920 seconds
Native extension for WindowsStandalone target not found
Native extension for iOS target not found
Native extension for Android target not found
Mono: successfully reloaded assembly
Package Manager log level set to [2]
[Package Manager] Server::EnsureServerProcessIsRunning -- launch failed, reason: Unity was launched with the -noUpm command-line argument
[Package Manager] UpmClient::Send -- Unable to send message (not connected to UPM process).
[Package Manager] Cannot connect to Unity Package Manager local server
[Package Manager] Server::EnsureServerProcessIsRunning -- launch failed, reason: Unity was launched with the -noUpm command-line argument
[Package Manager] UpmClient::Send -- Unable to send message (not connected to UPM process).
[Package Manager] Cannot connect to Unity Package Manager local server
- Finished resetting the current domain, in  0.758 seconds
Domain Reload Profiling: 1668ms
	BeginReloadAssembly (146ms)
		ExecutionOrderSort (0ms)
		DisableScriptedObjects (5ms)
		BackupInstance (0ms)
		ReleaseScriptingObjects (0ms)
		CreateAndSetChildDomain (19ms)
	RebuildCommonClasses (33ms)
	RebuildNativeTypeToScriptingClass (10ms)
	initialDomainReloadingComplete (91ms)
	LoadAllAssembliesAndSetupDomain (629ms)
		LoadAssemblies (523ms)
		RebuildTransferFunctionScriptingTraits (0ms)
		AnalyzeDomain (187ms)
			TypeCache.Refresh (156ms)
				TypeCache.ScanAssembly (141ms)
			ScanForSourceGeneratedMonoScriptInfo (22ms)
			ResolveRequiredComponents (6ms)
	FinalizeReload (758ms)
		ReleaseScriptCaches (0ms)
		RebuildScriptCaches (0ms)
		SetupLoadedEditorAssemblies (591ms)
			LogAssemblyErrors (0ms)
			InitializePlatformSupportModulesInManaged (32ms)
			SetLoadedEditorAssemblies (4ms)
			RefreshPlugins (0ms)
			BeforeProcessingInitializeOnLoad (79ms)
			ProcessInitializeOnLoadAttributes (328ms)
			ProcessInitializeOnLoadMethodAttributes (135ms)
			AfterProcessingInitializeOnLoad (12ms)
			EditorAssembliesLoaded (0ms)
		ExecutionOrderSort2 (0ms)
		AwakeInstancesAfterBackupRestoration (8ms)
Launched and connected shader compiler UnityShaderCompiler.exe after 0.04 seconds
Refreshing native plugins compatible for Editor in 6.71 ms, found 4 plugins.
Preloading 0 native plugins for Editor in 0.00 ms.
Unloading 5356 Unused Serialized files (Serialized files now loaded: 0)
Unloading 37 unused Assets / (0.5 MB). Loaded Objects now: 5824.
Memory consumption went from 193.9 MB to 193.4 MB.
Total: 3.409700 ms (FindLiveObjects: 0.357600 ms CreateObjectMapping: 0.367600 ms MarkObjects: 2.521400 ms  DeleteObjects: 0.162300 ms)

AssetImportParameters requested are different than current active one (requested -> active):
  custom:container-demuxer-ogg: 62fdf1f143b41e24485cea50d1cbac27 -> 
  custom:video-codec-MediaFoundation-h265: 746d11721c4dcdbdad8f713fa42b33f4 -> 
  custom:video-decoder-ogg-theora: a1e56fd34408186e4bbccfd4996cb3dc -> 
  custom:framework-win-MediaFoundation: 216162199b28c13a410421893ffa2e32 -> 
  custom:CustomObjectIndexerAttribute: 9a22284fe3817be447336de3de66b15e -> 
  custom:container-demuxer-webm: 4f35f7cbe854078d1ac9338744f61a02 -> 
  custom:container-muxer-webm: aa71ff27fc2769a1b78a27578f13a17b -> 
  custom:video-decoder-webm-vp8: 9c59270c3fd7afecdb556c50c9e8de78 -> 
  custom:SearchIndexIgnoredProperties: e643bd26f0fe6173181afceb89e7c659 -> 
  custom:AudioImporter_EditorPlatform: d09bf68614088b80899f8185d706f6e7 -> 
  custom:video-encoder-webm-vp8: eb34c28f22e8b96e1ab97ce403110664 -> 
  custom:audio-decoder-ogg-vorbis: bf7c407c2cedff20999df2af8eb42d56 -> 
  custom:audio-encoder-webm-vorbis: bf7c407c2cedff20999df2af8eb42d56 -> 
========================================================================
Received Import Request.
  Time since last request: 6678.891040 seconds.
  path: Assets/Synty/PolygonSciFiSpace/Prefabs/Props/SM_Prop_Detail_Struts_01.prefab
  artifactKey: Guid(793598bf7562cf342af84339fff1c6eb) Importer(815301076,1909f56bfc062723c751e8b465ee728b)
Start importing Assets/Synty/PolygonSciFiSpace/Prefabs/Props/SM_Prop_Detail_Struts_01.prefab using Guid(793598bf7562cf342af84339fff1c6eb) Importer(815301076,1909f56bfc062723c751e8b465ee728b) [PhysX] Initialized MultithreadedTaskDispatcher with 12 workers.
[PhysX] Initialized MultithreadedTaskDispatcher with 12 workers.
 -> (artifact id: '938f273903985f4c343e0ee24a92dbad') in 0.167920 seconds
Number of updated asset objects reloaded before import = 0
Number of asset objects unloaded after import = 12
========================================================================
Received Import Request.
  Time since last request: 0.135144 seconds.
  path: Assets/Synty/PolygonSciFiSpace/Prefabs/Props/SM_Prop_Detail_SynCola_02.prefab
  artifactKey: Guid(98b60c67fb78f4e4f9347800ac98fc31) Importer(815301076,1909f56bfc062723c751e8b465ee728b)
Start importing Assets/Synty/PolygonSciFiSpace/Prefabs/Props/SM_Prop_Detail_SynCola_02.prefab using Guid(98b60c67fb78f4e4f9347800ac98fc31) Importer(815301076,1909f56bfc062723c751e8b465ee728b) [PhysX] Initialized MultithreadedTaskDispatcher with 12 workers.
[PhysX] Initialized MultithreadedTaskDispatcher with 12 workers.
 -> (artifact id: '6ee9ca681685d959a6282de74c7fb6a0') in 0.118800 seconds
Number of updated asset objects reloaded before import = 0
Number of asset objects unloaded after import = 12
========================================================================
Received Import Request.
  Time since last request: 0.795299 seconds.
  path: Assets/Synty/PolygonSciFiSpace/Prefabs/Props/SM_Prop_Detail_Vent_01.prefab
  artifactKey: Guid(d250b7f0ec4452642aa77202af113dbd) Importer(815301076,1909f56bfc062723c751e8b465ee728b)
Start importing Assets/Synty/PolygonSciFiSpace/Prefabs/Props/SM_Prop_Detail_Vent_01.prefab using Guid(d250b7f0ec4452642aa77202af113dbd) Importer(815301076,1909f56bfc062723c751e8b465ee728b) [PhysX] Initialized MultithreadedTaskDispatcher with 12 workers.
[PhysX] Initialized MultithreadedTaskDispatcher with 12 workers.
 -> (artifact id: '4c7c1bb01e191d4dff9ce10421fc81ed') in 0.123818 seconds
Number of updated asset objects reloaded before import = 0
Number of asset objects unloaded after import = 12
========================================================================
Received Import Request.
  Time since last request: 11.445680 seconds.
  path: Assets/Synty/PolygonSciFiSpace/Prefabs/Props/SM_Prop_Detail_Wire_03.prefab
  artifactKey: Guid(d738689cf0ccda14f9fd3d96c43f3653) Importer(815301076,1909f56bfc062723c751e8b465ee728b)
Start importing Assets/Synty/PolygonSciFiSpace/Prefabs/Props/SM_Prop_Detail_Wire_03.prefab using Guid(d738689cf0ccda14f9fd3d96c43f3653) Importer(815301076,1909f56bfc062723c751e8b465ee728b) [PhysX] Initialized MultithreadedTaskDispatcher with 12 workers.
[PhysX] Initialized MultithreadedTaskDispatcher with 12 workers.
 -> (artifact id: 'b750aeafd262e0b78321054f3a845ae3') in 0.139774 seconds
Number of updated asset objects reloaded before import = 0
Number of asset objects unloaded after import = 12
========================================================================
Received Import Request.
  Time since last request: 0.000590 seconds.
  path: Assets/Synty/PolygonSciFiSpace/Prefabs/Props/SM_Prop_Detail_Wirebox_01.prefab
  artifactKey: Guid(195a827257c51224586e8cb069cafa23) Importer(815301076,1909f56bfc062723c751e8b465ee728b)
Start importing Assets/Synty/PolygonSciFiSpace/Prefabs/Props/SM_Prop_Detail_Wirebox_01.prefab using Guid(195a827257c51224586e8cb069cafa23) Importer(815301076,1909f56bfc062723c751e8b465ee728b) [PhysX] Initialized MultithreadedTaskDispatcher with 12 workers.
[PhysX] Initialized MultithreadedTaskDispatcher with 12 workers.
 -> (artifact id: 'e96177896bc3447c05ffa0007922e558') in 0.111956 seconds
Number of updated asset objects reloaded before import = 0
Number of asset objects unloaded after import = 12
========================================================================
Received Import Request.
  Time since last request: 0.754795 seconds.
  path: Assets/Synty/PolygonSciFiSpace/Prefabs/Props/SM_Prop_EscapePod_Hatch_Large_01.prefab
  artifactKey: Guid(8397dae45c7bac341a68d7db762c428c) Importer(815301076,1909f56bfc062723c751e8b465ee728b)
Start importing Assets/Synty/PolygonSciFiSpace/Prefabs/Props/SM_Prop_EscapePod_Hatch_Large_01.prefab using Guid(8397dae45c7bac341a68d7db762c428c) Importer(815301076,1909f56bfc062723c751e8b465ee728b) [PhysX] Initialized MultithreadedTaskDispatcher with 12 workers.
[PhysX] Initialized MultithreadedTaskDispatcher with 12 workers.
 -> (artifact id: '8f31611788b0ae1d3d8798842efbe1e5') in 0.083625 seconds
Number of updated asset objects reloaded before import = 0
Number of asset objects unloaded after import = 22
========================================================================
Received Import Request.
  Time since last request: 0.030793 seconds.
  path: Assets/Synty/PolygonSciFiSpace/Prefabs/Props/SM_Prop_FoodPacket_02.prefab
  artifactKey: Guid(0b66d08184993724dac7416b11f92674) Importer(815301076,1909f56bfc062723c751e8b465ee728b)
Start importing Assets/Synty/PolygonSciFiSpace/Prefabs/Props/SM_Prop_FoodPacket_02.prefab using Guid(0b66d08184993724dac7416b11f92674) Importer(815301076,1909f56bfc062723c751e8b465ee728b) [PhysX] Initialized MultithreadedTaskDispatcher with 12 workers.
[PhysX] Initialized MultithreadedTaskDispatcher with 12 workers.
 -> (artifact id: 'ef0dcf42cbee1a52bb383c43cd25f25a') in 0.081105 seconds
Number of updated asset objects reloaded before import = 0
Number of asset objects unloaded after import = 12
========================================================================
Received Import Request.
  Time since last request: 0.851791 seconds.
  path: Assets/Synty/PolygonSciFiSpace/Prefabs/Props/SM_Prop_FoodTray_01.prefab
  artifactKey: Guid(5dc62f3f20909a14abbe9319c9bc9051) Importer(815301076,1909f56bfc062723c751e8b465ee728b)
Start importing Assets/Synty/PolygonSciFiSpace/Prefabs/Props/SM_Prop_FoodTray_01.prefab using Guid(5dc62f3f20909a14abbe9319c9bc9051) Importer(815301076,1909f56bfc062723c751e8b465ee728b) [PhysX] Initialized MultithreadedTaskDispatcher with 12 workers.
[PhysX] Initialized MultithreadedTaskDispatcher with 12 workers.
 -> (artifact id: '2ac112af30fc76412ebe7490ca3f669a') in 0.132206 seconds
Number of updated asset objects reloaded before import = 0
Number of asset objects unloaded after import = 12
========================================================================
Received Import Request.
  Time since last request: 1.251535 seconds.
  path: Assets/Synty/PolygonSciFiSpace/Prefabs/Props/SM_Prop_Greeble_Cube_01.prefab
  artifactKey: Guid(e661406915866564c95734269648449e) Importer(815301076,1909f56bfc062723c751e8b465ee728b)
Start importing Assets/Synty/PolygonSciFiSpace/Prefabs/Props/SM_Prop_Greeble_Cube_01.prefab using Guid(e661406915866564c95734269648449e) Importer(815301076,1909f56bfc062723c751e8b465ee728b) [PhysX] Initialized MultithreadedTaskDispatcher with 12 workers.
[PhysX] Initialized MultithreadedTaskDispatcher with 12 workers.
 -> (artifact id: 'f26a59d6b3bba64525ae742a82e6bb9c') in 0.079014 seconds
Number of updated asset objects reloaded before import = 0
Number of asset objects unloaded after import = 12
========================================================================
Received Import Request.
  Time since last request: 0.000025 seconds.
  path: Assets/Synty/PolygonSciFiSpace/Prefabs/Props/SM_Prop_Greeble_Panel_03.prefab
  artifactKey: Guid(d1db1db9b2446b34eaaabf3c9a010b89) Importer(815301076,1909f56bfc062723c751e8b465ee728b)
Start importing Assets/Synty/PolygonSciFiSpace/Prefabs/Props/SM_Prop_Greeble_Panel_03.prefab using Guid(d1db1db9b2446b34eaaabf3c9a010b89) Importer(815301076,1909f56bfc062723c751e8b465ee728b) [PhysX] Initialized MultithreadedTaskDispatcher with 12 workers.
[PhysX] Initialized MultithreadedTaskDispatcher with 12 workers.
 -> (artifact id: 'c43c59df984eabc20930d901ed8f8a92') in 0.085913 seconds
Number of updated asset objects reloaded before import = 0
Number of asset objects unloaded after import = 12
========================================================================
Received Import Request.
  Time since last request: 0.263254 seconds.
  path: Assets/Synty/PolygonSciFiSpace/Prefabs/Props/SM_Prop_Greeble_Panel_05.prefab
  artifactKey: Guid(feb2a41509621674dba686a598481616) Importer(815301076,1909f56bfc062723c751e8b465ee728b)
Start importing Assets/Synty/PolygonSciFiSpace/Prefabs/Props/SM_Prop_Greeble_Panel_05.prefab using Guid(feb2a41509621674dba686a598481616) Importer(815301076,1909f56bfc062723c751e8b465ee728b) [PhysX] Initialized MultithreadedTaskDispatcher with 12 workers.
[PhysX] Initialized MultithreadedTaskDispatcher with 12 workers.
 -> (artifact id: '587924a353ff0f09c53f0ef5d9f1e34e') in 0.107389 seconds
Number of updated asset objects reloaded before import = 0
Number of asset objects unloaded after import = 12
========================================================================
Received Import Request.
  Time since last request: 0.348349 seconds.
  path: Assets/Synty/PolygonSciFiSpace/Prefabs/Props/SM_Prop_Handle_01.prefab
  artifactKey: Guid(48a7b1591203ad849b52c3ff47e8c78e) Importer(815301076,1909f56bfc062723c751e8b465ee728b)
Start importing Assets/Synty/PolygonSciFiSpace/Prefabs/Props/SM_Prop_Handle_01.prefab using Guid(48a7b1591203ad849b52c3ff47e8c78e) Importer(815301076,1909f56bfc062723c751e8b465ee728b) [PhysX] Initialized MultithreadedTaskDispatcher with 12 workers.
[PhysX] Initialized MultithreadedTaskDispatcher with 12 workers.
 -> (artifact id: '7e82d61f7c3983d728942be0fbafae60') in 0.092012 seconds
Number of updated asset objects reloaded before import = 0
Number of asset objects unloaded after import = 12
========================================================================
Received Import Request.
  Time since last request: 0.020852 seconds.
  path: Assets/Synty/PolygonSciFiSpace/Prefabs/Props/SM_Prop_Hose_02.prefab
  artifactKey: Guid(30702313a21daeb46894ccb857b89045) Importer(815301076,1909f56bfc062723c751e8b465ee728b)
Start importing Assets/Synty/PolygonSciFiSpace/Prefabs/Props/SM_Prop_Hose_02.prefab using Guid(30702313a21daeb46894ccb857b89045) Importer(815301076,1909f56bfc062723c751e8b465ee728b) [PhysX] Initialized MultithreadedTaskDispatcher with 12 workers.
[PhysX] Initialized MultithreadedTaskDispatcher with 12 workers.
 -> (artifact id: 'ca8a85bb594b726f4a4a69f261d28491') in 0.100778 seconds
Number of updated asset objects reloaded before import = 0
Number of asset objects unloaded after import = 12
========================================================================
Received Import Request.
  Time since last request: 0.376693 seconds.
  path: Assets/Synty/PolygonSciFiSpace/Prefabs/Props/SM_Prop_Joystick_01.prefab
  artifactKey: Guid(ba4e11018c910da4ca597e59943841f8) Importer(815301076,1909f56bfc062723c751e8b465ee728b)
Start importing Assets/Synty/PolygonSciFiSpace/Prefabs/Props/SM_Prop_Joystick_01.prefab using Guid(ba4e11018c910da4ca597e59943841f8) Importer(815301076,1909f56bfc062723c751e8b465ee728b) [PhysX] Initialized MultithreadedTaskDispatcher with 12 workers.
[PhysX] Initialized MultithreadedTaskDispatcher with 12 workers.
 -> (artifact id: '72899141f31853be305163ad257a38b8') in 0.106934 seconds
Number of updated asset objects reloaded before import = 0
Number of asset objects unloaded after import = 12
========================================================================
Received Import Request.
  Time since last request: 0.000020 seconds.
  path: Assets/Synty/PolygonSciFiSpace/Prefabs/Props/SM_Prop_Keycard_02.prefab
  artifactKey: Guid(5accc6e52720e6847b2441b9d2150976) Importer(815301076,1909f56bfc062723c751e8b465ee728b)
Start importing Assets/Synty/PolygonSciFiSpace/Prefabs/Props/SM_Prop_Keycard_02.prefab using Guid(5accc6e52720e6847b2441b9d2150976) Importer(815301076,1909f56bfc062723c751e8b465ee728b) [PhysX] Initialized MultithreadedTaskDispatcher with 12 workers.
[PhysX] Initialized MultithreadedTaskDispatcher with 12 workers.
 -> (artifact id: 'a1fbcfb7b5a47e6b5dd77c9fb82200d0') in 0.090670 seconds
Number of updated asset objects reloaded before import = 0
Number of asset objects unloaded after import = 14
========================================================================
Received Import Request.
  Time since last request: 0.220009 seconds.
  path: Assets/Synty/PolygonSciFiSpace/Prefabs/Props/SM_Prop_Light_Panel_01.prefab
  artifactKey: Guid(402c5a51619eb754792b87e071f98b16) Importer(815301076,1909f56bfc062723c751e8b465ee728b)
Start importing Assets/Synty/PolygonSciFiSpace/Prefabs/Props/SM_Prop_Light_Panel_01.prefab using Guid(402c5a51619eb754792b87e071f98b16) Importer(815301076,1909f56bfc062723c751e8b465ee728b) [PhysX] Initialized MultithreadedTaskDispatcher with 12 workers.
[PhysX] Initialized MultithreadedTaskDispatcher with 12 workers.
 -> (artifact id: '131e427af4d3552b1f1c15ac77de7ad8') in 0.126646 seconds
Number of updated asset objects reloaded before import = 0
Number of asset objects unloaded after import = 12
========================================================================
Received Import Request.
  Time since last request: 1.761759 seconds.
  path: Assets/Synty/PolygonSciFiSpace/Prefabs/Props/SM_Prop_Light_Panel_04.prefab
  artifactKey: Guid(2d8071ec0fa389e439c2c921a50a6334) Importer(815301076,1909f56bfc062723c751e8b465ee728b)
Start importing Assets/Synty/PolygonSciFiSpace/Prefabs/Props/SM_Prop_Light_Panel_04.prefab using Guid(2d8071ec0fa389e439c2c921a50a6334) Importer(815301076,1909f56bfc062723c751e8b465ee728b) [PhysX] Initialized MultithreadedTaskDispatcher with 12 workers.
[PhysX] Initialized MultithreadedTaskDispatcher with 12 workers.
 -> (artifact id: '187454dcab33f7c1aaca14988d99fa74') in 0.128379 seconds
Number of updated asset objects reloaded before import = 0
Number of asset objects unloaded after import = 12
========================================================================
Received Import Request.
  Time since last request: 0.764393 seconds.
  path: Assets/Synty/PolygonSciFiSpace/Prefabs/Props/SM_Prop_Light_Small_02.prefab
  artifactKey: Guid(6728b3b66e80b394490e215d5853bb1e) Importer(815301076,1909f56bfc062723c751e8b465ee728b)
Start importing Assets/Synty/PolygonSciFiSpace/Prefabs/Props/SM_Prop_Light_Small_02.prefab using Guid(6728b3b66e80b394490e215d5853bb1e) Importer(815301076,1909f56bfc062723c751e8b465ee728b) [PhysX] Initialized MultithreadedTaskDispatcher with 12 workers.
[PhysX] Initialized MultithreadedTaskDispatcher with 12 workers.
 -> (artifact id: '62a37df9814cd57accef53ab192ec526') in 0.113236 seconds
Number of updated asset objects reloaded before import = 0
Number of asset objects unloaded after import = 12
========================================================================
Received Import Request.
  Time since last request: 0.299992 seconds.
  path: Assets/Synty/PolygonSciFiSpace/Prefabs/Props/SM_Prop_Light_Small_05.prefab
  artifactKey: Guid(600d3605891c8c34a83948482636865d) Importer(815301076,1909f56bfc062723c751e8b465ee728b)
Start importing Assets/Synty/PolygonSciFiSpace/Prefabs/Props/SM_Prop_Light_Small_05.prefab using Guid(600d3605891c8c34a83948482636865d) Importer(815301076,1909f56bfc062723c751e8b465ee728b) [PhysX] Initialized MultithreadedTaskDispatcher with 12 workers.
[PhysX] Initialized MultithreadedTaskDispatcher with 12 workers.
 -> (artifact id: 'f5bf56099b12d006d02cf1ebf710bb46') in 0.117894 seconds
Number of updated asset objects reloaded before import = 0
Number of asset objects unloaded after import = 12
========================================================================
Received Import Request.
  Time since last request: 47.900584 seconds.
  path: Assets/Synty/PolygonSciFiSpace/Prefabs/Props/SM_Prop_Light_Small_08.prefab
  artifactKey: Guid(eb66ad65eb8ce2f4ba081ecbd8099a51) Importer(815301076,1909f56bfc062723c751e8b465ee728b)
Start importing Assets/Synty/PolygonSciFiSpace/Prefabs/Props/SM_Prop_Light_Small_08.prefab using Guid(eb66ad65eb8ce2f4ba081ecbd8099a51) Importer(815301076,1909f56bfc062723c751e8b465ee728b) [PhysX] Initialized MultithreadedTaskDispatcher with 12 workers.
[PhysX] Initialized MultithreadedTaskDispatcher with 12 workers.
 -> (artifact id: 'cdf98e80f187f2e139c3c97809afa200') in 0.093970 seconds
Number of updated asset objects reloaded before import = 0
Number of asset objects unloaded after import = 12
========================================================================
Received Import Request.
  Time since last request: 0.058382 seconds.
  path: Assets/Synty/PolygonSciFiSpace/Prefabs/Props/SM_Prop_Medical_Cart_01.prefab
  artifactKey: Guid(da27625dede894b47a5b1f66e6e479fe) Importer(815301076,1909f56bfc062723c751e8b465ee728b)
Start importing Assets/Synty/PolygonSciFiSpace/Prefabs/Props/SM_Prop_Medical_Cart_01.prefab using Guid(da27625dede894b47a5b1f66e6e479fe) Importer(815301076,1909f56bfc062723c751e8b465ee728b) [PhysX] Initialized MultithreadedTaskDispatcher with 12 workers.
[PhysX] Initialized MultithreadedTaskDispatcher with 12 workers.
 -> (artifact id: '467166e7d8413564c55168032d255373') in 0.099433 seconds
Number of updated asset objects reloaded before import = 0
Number of asset objects unloaded after import = 12
========================================================================
Received Import Request.
  Time since last request: 0.149413 seconds.
  path: Assets/Synty/PolygonSciFiSpace/Prefabs/Props/SM_Prop_Medical_Isolator_01.prefab
  artifactKey: Guid(f11afd1e133409441bfb0338aaf337f2) Importer(815301076,1909f56bfc062723c751e8b465ee728b)
Start importing Assets/Synty/PolygonSciFiSpace/Prefabs/Props/SM_Prop_Medical_Isolator_01.prefab using Guid(f11afd1e133409441bfb0338aaf337f2) Importer(815301076,1909f56bfc062723c751e8b465ee728b) [PhysX] Initialized MultithreadedTaskDispatcher with 12 workers.
[PhysX] Initialized MultithreadedTaskDispatcher with 12 workers.
 -> (artifact id: '3d3926324a8a4a21889b34c58650a323') in 0.096443 seconds
Number of updated asset objects reloaded before import = 0
Number of asset objects unloaded after import = 18
========================================================================
Received Import Request.
  Time since last request: 0.631794 seconds.
  path: Assets/Synty/PolygonSciFiSpace/Prefabs/Props/SM_Prop_Medical_Tube_01.prefab
  artifactKey: Guid(ad0c90ff1d999f74eb83b1a52c1e2878) Importer(815301076,1909f56bfc062723c751e8b465ee728b)
Start importing Assets/Synty/PolygonSciFiSpace/Prefabs/Props/SM_Prop_Medical_Tube_01.prefab using Guid(ad0c90ff1d999f74eb83b1a52c1e2878) Importer(815301076,1909f56bfc062723c751e8b465ee728b) [PhysX] Initialized MultithreadedTaskDispatcher with 12 workers.
[PhysX] Initialized MultithreadedTaskDispatcher with 12 workers.
 -> (artifact id: 'ba4f82aa3936043ed6dbcde526edf041') in 0.092432 seconds
Number of updated asset objects reloaded before import = 0
Number of asset objects unloaded after import = 22
========================================================================
Received Import Request.
  Time since last request: 1.373179 seconds.
  path: Assets/Synty/PolygonSciFiSpace/Prefabs/Props/SM_Prop_Missile_01.prefab
  artifactKey: Guid(e221d3ddf51167c4db44235d8c68ee36) Importer(815301076,1909f56bfc062723c751e8b465ee728b)
Start importing Assets/Synty/PolygonSciFiSpace/Prefabs/Props/SM_Prop_Missile_01.prefab using Guid(e221d3ddf51167c4db44235d8c68ee36) Importer(815301076,1909f56bfc062723c751e8b465ee728b) [PhysX] Initialized MultithreadedTaskDispatcher with 12 workers.
[PhysX] Initialized MultithreadedTaskDispatcher with 12 workers.
 -> (artifact id: '50a1c269b8f678a75f0482f107fe949d') in 0.137698 seconds
Number of updated asset objects reloaded before import = 0
Number of asset objects unloaded after import = 12
========================================================================
Received Import Request.
  Time since last request: 0.000026 seconds.
  path: Assets/Synty/PolygonSciFiSpace/Prefabs/Props/SM_Prop_Missile_04.prefab
  artifactKey: Guid(4eee40a8aa67d7247a5c8f0267a35bbb) Importer(815301076,1909f56bfc062723c751e8b465ee728b)
Start importing Assets/Synty/PolygonSciFiSpace/Prefabs/Props/SM_Prop_Missile_04.prefab using Guid(4eee40a8aa67d7247a5c8f0267a35bbb) Importer(815301076,1909f56bfc062723c751e8b465ee728b) [PhysX] Initialized MultithreadedTaskDispatcher with 12 workers.
[PhysX] Initialized MultithreadedTaskDispatcher with 12 workers.
 -> (artifact id: 'd5201f61a204ee7bea0314d892808db2') in 0.112788 seconds
Number of updated asset objects reloaded before import = 0
Number of asset objects unloaded after import = 12
========================================================================
Received Import Request.
  Time since last request: 1.198202 seconds.
  path: Assets/Synty/PolygonSciFiSpace/Prefabs/Props/SM_Prop_Missile_07.prefab
  artifactKey: Guid(0173c262d6221194d89cac441626809b) Importer(815301076,1909f56bfc062723c751e8b465ee728b)
Start importing Assets/Synty/PolygonSciFiSpace/Prefabs/Props/SM_Prop_Missile_07.prefab using Guid(0173c262d6221194d89cac441626809b) Importer(815301076,1909f56bfc062723c751e8b465ee728b) [PhysX] Initialized MultithreadedTaskDispatcher with 12 workers.
[PhysX] Initialized MultithreadedTaskDispatcher with 12 workers.
 -> (artifact id: '37238ec8063ab387082c0b280dce206d') in 0.091607 seconds
Number of updated asset objects reloaded before import = 0
Number of asset objects unloaded after import = 12
========================================================================
Received Import Request.
  Time since last request: 0.543404 seconds.
  path: Assets/Synty/PolygonSciFiSpace/Prefabs/Props/SM_Prop_Oxygen_Tank_Small.prefab
  artifactKey: Guid(a9e9dbaabbfda584faa9352174a28635) Importer(815301076,1909f56bfc062723c751e8b465ee728b)
Start importing Assets/Synty/PolygonSciFiSpace/Prefabs/Props/SM_Prop_Oxygen_Tank_Small.prefab using Guid(a9e9dbaabbfda584faa9352174a28635) Importer(815301076,1909f56bfc062723c751e8b465ee728b) [PhysX] Initialized MultithreadedTaskDispatcher with 12 workers.
[PhysX] Initialized MultithreadedTaskDispatcher with 12 workers.
 -> (artifact id: '9d6b80d15c4414ff0cc5f21cb2958ee5') in 0.086951 seconds
Number of updated asset objects reloaded before import = 0
Number of asset objects unloaded after import = 13
========================================================================
Received Import Request.
  Time since last request: 0.531711 seconds.
  path: Assets/Synty/PolygonSciFiSpace/Prefabs/Props/SM_Prop_Pillar_Detail_01.prefab
  artifactKey: Guid(1c299ee8a56745242946e433ba3b1e30) Importer(815301076,1909f56bfc062723c751e8b465ee728b)
Start importing Assets/Synty/PolygonSciFiSpace/Prefabs/Props/SM_Prop_Pillar_Detail_01.prefab using Guid(1c299ee8a56745242946e433ba3b1e30) Importer(815301076,1909f56bfc062723c751e8b465ee728b) [PhysX] Initialized MultithreadedTaskDispatcher with 12 workers.
[PhysX] Initialized MultithreadedTaskDispatcher with 12 workers.
 -> (artifact id: 'd7d185efd4fcdb5f7c91564edfe5edc8') in 0.146860 seconds
Number of updated asset objects reloaded before import = 0
Number of asset objects unloaded after import = 12
========================================================================
Received Import Request.
  Time since last request: 0.000306 seconds.
  path: Assets/Synty/PolygonSciFiSpace/Prefabs/Props/SM_Prop_Plant_Vase_02.prefab
  artifactKey: Guid(2a861479889b1514291f9570dd69ac35) Importer(815301076,1909f56bfc062723c751e8b465ee728b)
Start importing Assets/Synty/PolygonSciFiSpace/Prefabs/Props/SM_Prop_Plant_Vase_02.prefab using Guid(2a861479889b1514291f9570dd69ac35) Importer(815301076,1909f56bfc062723c751e8b465ee728b) [PhysX] Initialized MultithreadedTaskDispatcher with 12 workers.
[PhysX] Initialized MultithreadedTaskDispatcher with 12 workers.
 -> (artifact id: 'df3152178309770b79f86b276c97823a') in 0.080606 seconds
Number of updated asset objects reloaded before import = 0
Number of asset objects unloaded after import = 12
========================================================================
Received Import Request.
  Time since last request: 0.000027 seconds.
  path: Assets/Synty/PolygonSciFiSpace/Prefabs/Props/SM_Prop_Plant_Vase_01.prefab
  artifactKey: Guid(dd61d9e5b2a9c724d871b4746b8c5dd3) Importer(815301076,1909f56bfc062723c751e8b465ee728b)
Start importing Assets/Synty/PolygonSciFiSpace/Prefabs/Props/SM_Prop_Plant_Vase_01.prefab using Guid(dd61d9e5b2a9c724d871b4746b8c5dd3) Importer(815301076,1909f56bfc062723c751e8b465ee728b) [PhysX] Initialized MultithreadedTaskDispatcher with 12 workers.
[PhysX] Initialized MultithreadedTaskDispatcher with 12 workers.
 -> (artifact id: '02c50c855a21813425f4435f5b656021') in 0.123340 seconds
Number of updated asset objects reloaded before import = 0
Number of asset objects unloaded after import = 12
========================================================================
Received Import Request.
  Time since last request: 0.000016 seconds.
  path: Assets/Synty/PolygonSciFiSpace/Prefabs/Props/SM_Prop_Screen_03.prefab
  artifactKey: Guid(3e4bff3c4e59bde469ff3d57a558cd7e) Importer(815301076,1909f56bfc062723c751e8b465ee728b)
Start importing Assets/Synty/PolygonSciFiSpace/Prefabs/Props/SM_Prop_Screen_03.prefab using Guid(3e4bff3c4e59bde469ff3d57a558cd7e) Importer(815301076,1909f56bfc062723c751e8b465ee728b) [PhysX] Initialized MultithreadedTaskDispatcher with 12 workers.
[PhysX] Initialized MultithreadedTaskDispatcher with 12 workers.
 -> (artifact id: '184d349d02ae4539f22e6998d7dd00e8') in 0.077517 seconds
Number of updated asset objects reloaded before import = 0
Number of asset objects unloaded after import = 12
========================================================================
Received Import Request.
  Time since last request: 0.376386 seconds.
  path: Assets/Synty/PolygonSciFiSpace/Prefabs/Props/SM_Prop_Screen_06.prefab
  artifactKey: Guid(a2ddf5fa65078014a80755ac2486294b) Importer(815301076,1909f56bfc062723c751e8b465ee728b)
Start importing Assets/Synty/PolygonSciFiSpace/Prefabs/Props/SM_Prop_Screen_06.prefab using Guid(a2ddf5fa65078014a80755ac2486294b) Importer(815301076,1909f56bfc062723c751e8b465ee728b) [PhysX] Initialized MultithreadedTaskDispatcher with 12 workers.
[PhysX] Initialized MultithreadedTaskDispatcher with 12 workers.
 -> (artifact id: '5340bb5c1b7b497dbb48972c9b2fb48f') in 0.101541 seconds
Number of updated asset objects reloaded before import = 0
Number of asset objects unloaded after import = 12
========================================================================
Received Import Request.
  Time since last request: 0.037042 seconds.
  path: Assets/Synty/PolygonSciFiSpace/Prefabs/Props/SM_Prop_Screen_09.prefab
  artifactKey: Guid(e328a56effc821a4db02309cf510e998) Importer(815301076,1909f56bfc062723c751e8b465ee728b)
Start importing Assets/Synty/PolygonSciFiSpace/Prefabs/Props/SM_Prop_Screen_09.prefab using Guid(e328a56effc821a4db02309cf510e998) Importer(815301076,1909f56bfc062723c751e8b465ee728b) [PhysX] Initialized MultithreadedTaskDispatcher with 12 workers.
[PhysX] Initialized MultithreadedTaskDispatcher with 12 workers.
 -> (artifact id: '03da3b63a050c8ecb75b46bfe4784e62') in 0.097638 seconds
Number of updated asset objects reloaded before import = 0
Number of asset objects unloaded after import = 12
========================================================================
Received Import Request.
  Time since last request: 1.093600 seconds.
  path: Assets/Synty/PolygonSciFiSpace/Prefabs/Props/SM_Prop_Screen_Small_01.prefab
  artifactKey: Guid(a487f4526b100a948bec5be36ed5c16d) Importer(815301076,1909f56bfc062723c751e8b465ee728b)
Start importing Assets/Synty/PolygonSciFiSpace/Prefabs/Props/SM_Prop_Screen_Small_01.prefab using Guid(a487f4526b100a948bec5be36ed5c16d) Importer(815301076,1909f56bfc062723c751e8b465ee728b) [PhysX] Initialized MultithreadedTaskDispatcher with 12 workers.
[PhysX] Initialized MultithreadedTaskDispatcher with 12 workers.
 -> (artifact id: '74dd356dc34599ddfaa6d24ef9517b2a') in 0.101330 seconds
Number of updated asset objects reloaded before import = 0
Number of asset objects unloaded after import = 12
========================================================================
Received Import Request.
  Time since last request: 0.118480 seconds.
  path: Assets/Synty/PolygonSciFiSpace/Prefabs/Props/SM_Prop_Solar_Hex_01.prefab
  artifactKey: Guid(17d88c4d7b51e9b46a8656ed6fb5cd94) Importer(815301076,1909f56bfc062723c751e8b465ee728b)
Start importing Assets/Synty/PolygonSciFiSpace/Prefabs/Props/SM_Prop_Solar_Hex_01.prefab using Guid(17d88c4d7b51e9b46a8656ed6fb5cd94) Importer(815301076,1909f56bfc062723c751e8b465ee728b) [PhysX] Initialized MultithreadedTaskDispatcher with 12 workers.
[PhysX] Initialized MultithreadedTaskDispatcher with 12 workers.
 -> (artifact id: 'da420201dd32832f59ef000c5c097728') in 0.107648 seconds
Number of updated asset objects reloaded before import = 0
Number of asset objects unloaded after import = 12
========================================================================
Received Import Request.
  Time since last request: 0.000272 seconds.
  path: Assets/Synty/PolygonSciFiSpace/Prefabs/Props/SM_Prop_SquareTable_01.prefab
  artifactKey: Guid(e68836e542ef296488e17adf19becd6b) Importer(815301076,1909f56bfc062723c751e8b465ee728b)
Start importing Assets/Synty/PolygonSciFiSpace/Prefabs/Props/SM_Prop_SquareTable_01.prefab using Guid(e68836e542ef296488e17adf19becd6b) Importer(815301076,1909f56bfc062723c751e8b465ee728b) [PhysX] Initialized MultithreadedTaskDispatcher with 12 workers.
[PhysX] Initialized MultithreadedTaskDispatcher with 12 workers.
 -> (artifact id: '9a7994791da6024bacd246a688c662f9') in 0.071960 seconds
Number of updated asset objects reloaded before import = 0
Number of asset objects unloaded after import = 12
========================================================================
Received Import Request.
  Time since last request: 0.466304 seconds.
  path: Assets/Synty/PolygonSciFiSpace/Prefabs/Props/SM_Prop_Stairs_03.prefab
  artifactKey: Guid(8d20774deb049224b9ff98f025462c75) Importer(815301076,1909f56bfc062723c751e8b465ee728b)
Start importing Assets/Synty/PolygonSciFiSpace/Prefabs/Props/SM_Prop_Stairs_03.prefab using Guid(8d20774deb049224b9ff98f025462c75) Importer(815301076,1909f56bfc062723c751e8b465ee728b) [PhysX] Initialized MultithreadedTaskDispatcher with 12 workers.
[PhysX] Initialized MultithreadedTaskDispatcher with 12 workers.
 -> (artifact id: '9cf6826e2b1691f425165233ac5f6e23') in 0.081547 seconds
Number of updated asset objects reloaded before import = 0
Number of asset objects unloaded after import = 12
========================================================================
Received Import Request.
  Time since last request: 0.000016 seconds.
  path: Assets/Synty/PolygonSciFiSpace/Prefabs/Props/SM_Prop_StairsPlatform_02.prefab
  artifactKey: Guid(75adcbe73a834d140b0b9d37962a413e) Importer(815301076,1909f56bfc062723c751e8b465ee728b)
Start importing Assets/Synty/PolygonSciFiSpace/Prefabs/Props/SM_Prop_StairsPlatform_02.prefab using Guid(75adcbe73a834d140b0b9d37962a413e) Importer(815301076,1909f56bfc062723c751e8b465ee728b) [PhysX] Initialized MultithreadedTaskDispatcher with 12 workers.
[PhysX] Initialized MultithreadedTaskDispatcher with 12 workers.
 -> (artifact id: '72f29160d4d526f30de3bf905ab81e20') in 0.082827 seconds
Number of updated asset objects reloaded before import = 0
Number of asset objects unloaded after import = 12
========================================================================
Received Import Request.
  Time since last request: 0.000024 seconds.
  path: Assets/Synty/PolygonSciFiSpace/Prefabs/Props/SM_Prop_Tank_01.prefab
  artifactKey: Guid(4668588a9e17c9f4aa539ee9c8f57a4c) Importer(815301076,1909f56bfc062723c751e8b465ee728b)
Start importing Assets/Synty/PolygonSciFiSpace/Prefabs/Props/SM_Prop_Tank_01.prefab using Guid(4668588a9e17c9f4aa539ee9c8f57a4c) Importer(815301076,1909f56bfc062723c751e8b465ee728b) [PhysX] Initialized MultithreadedTaskDispatcher with 12 workers.
[PhysX] Initialized MultithreadedTaskDispatcher with 12 workers.
 -> (artifact id: 'de596ff5fcfdbfa3e824e400c9b14379') in 0.079608 seconds
Number of updated asset objects reloaded before import = 0
Number of asset objects unloaded after import = 12
========================================================================
Received Import Request.
  Time since last request: 0.000031 seconds.
  path: Assets/Synty/PolygonSciFiSpace/Prefabs/Props/SM_Prop_TestTubes_01.prefab
  artifactKey: Guid(b707e8ff27d13cb4c8a681a5d8a607a3) Importer(815301076,1909f56bfc062723c751e8b465ee728b)
Start importing Assets/Synty/PolygonSciFiSpace/Prefabs/Props/SM_Prop_TestTubes_01.prefab using Guid(b707e8ff27d13cb4c8a681a5d8a607a3) Importer(815301076,1909f56bfc062723c751e8b465ee728b) [PhysX] Initialized MultithreadedTaskDispatcher with 12 workers.
[PhysX] Initialized MultithreadedTaskDispatcher with 12 workers.
 -> (artifact id: 'd6737def909578a341a8104c2d0795c6') in 0.077912 seconds
Number of updated asset objects reloaded before import = 0
Number of asset objects unloaded after import = 12
========================================================================
Received Import Request.
  Time since last request: 0.834819 seconds.
  path: Assets/Synty/PolygonSciFiSpace/Prefabs/Props/SM_Prop_Turret_Base_Double_01.prefab
  artifactKey: Guid(5cfb9f4bf98ba5c4d8141b52757cc450) Importer(815301076,1909f56bfc062723c751e8b465ee728b)
Start importing Assets/Synty/PolygonSciFiSpace/Prefabs/Props/SM_Prop_Turret_Base_Double_01.prefab using Guid(5cfb9f4bf98ba5c4d8141b52757cc450) Importer(815301076,1909f56bfc062723c751e8b465ee728b) [PhysX] Initialized MultithreadedTaskDispatcher with 12 workers.
[PhysX] Initialized MultithreadedTaskDispatcher with 12 workers.
 -> (artifact id: '56407a7ee4583ce1910e93b43ba2705f') in 0.076976 seconds
Number of updated asset objects reloaded before import = 0
Number of asset objects unloaded after import = 33
========================================================================
Received Import Request.
  Time since last request: 0.881921 seconds.
  path: Assets/Synty/PolygonSciFiSpace/Prefabs/Props/SM_Prop_Turret_Base_Double_04.prefab
  artifactKey: Guid(0dc32d41a64f2824dbe14e8dff6586cc) Importer(815301076,1909f56bfc062723c751e8b465ee728b)
Start importing Assets/Synty/PolygonSciFiSpace/Prefabs/Props/SM_Prop_Turret_Base_Double_04.prefab using Guid(0dc32d41a64f2824dbe14e8dff6586cc) Importer(815301076,1909f56bfc062723c751e8b465ee728b) [PhysX] Initialized MultithreadedTaskDispatcher with 12 workers.
[PhysX] Initialized MultithreadedTaskDispatcher with 12 workers.
 -> (artifact id: '06caa9f97907b711eeda645678a14605') in 0.093943 seconds
Number of updated asset objects reloaded before import = 0
Number of asset objects unloaded after import = 26
========================================================================
Received Import Request.
  Time since last request: 0.027705 seconds.
  path: Assets/Synty/PolygonSciFiSpace/Prefabs/Props/SM_Prop_Turret_Base_Double_07.prefab
  artifactKey: Guid(6933332f71600414898a20485174c03f) Importer(815301076,1909f56bfc062723c751e8b465ee728b)
Start importing Assets/Synty/PolygonSciFiSpace/Prefabs/Props/SM_Prop_Turret_Base_Double_07.prefab using Guid(6933332f71600414898a20485174c03f) Importer(815301076,1909f56bfc062723c751e8b465ee728b) [PhysX] Initialized MultithreadedTaskDispatcher with 12 workers.
[PhysX] Initialized MultithreadedTaskDispatcher with 12 workers.
 -> (artifact id: '60bfd2b1a7399cd20764065a42608256') in 0.097352 seconds
Number of updated asset objects reloaded before import = 0
Number of asset objects unloaded after import = 24
========================================================================
Received Import Request.
  Time since last request: 0.705506 seconds.
  path: Assets/Synty/PolygonSciFiSpace/Prefabs/Props/SM_Prop_Turret_Base_Double_010.prefab
  artifactKey: Guid(adbbdb59d460cf644801955c03fa4fe6) Importer(815301076,1909f56bfc062723c751e8b465ee728b)
Start importing Assets/Synty/PolygonSciFiSpace/Prefabs/Props/SM_Prop_Turret_Base_Double_010.prefab using Guid(adbbdb59d460cf644801955c03fa4fe6) Importer(815301076,1909f56bfc062723c751e8b465ee728b) [PhysX] Initialized MultithreadedTaskDispatcher with 12 workers.
[PhysX] Initialized MultithreadedTaskDispatcher with 12 workers.
 -> (artifact id: 'a4da3b0422e1d4668a9b7879e9cd5db1') in 0.138787 seconds
Number of updated asset objects reloaded before import = 0
Number of asset objects unloaded after import = 19
========================================================================
Received Import Request.
  Time since last request: 0.510877 seconds.
  path: Assets/Synty/PolygonSciFiSpace/Prefabs/Props/SM_Prop_Turret_Base_Single_03.prefab
  artifactKey: Guid(d2cc8c9f2cb6aa84fadce33914d154c7) Importer(815301076,1909f56bfc062723c751e8b465ee728b)
Start importing Assets/Synty/PolygonSciFiSpace/Prefabs/Props/SM_Prop_Turret_Base_Single_03.prefab using Guid(d2cc8c9f2cb6aa84fadce33914d154c7) Importer(815301076,1909f56bfc062723c751e8b465ee728b) [PhysX] Initialized MultithreadedTaskDispatcher with 12 workers.
[PhysX] Initialized MultithreadedTaskDispatcher with 12 workers.
 -> (artifact id: '0486ffe501a1d5807d4bf3d25c7254d3') in 0.106186 seconds
Number of updated asset objects reloaded before import = 0
Number of asset objects unloaded after import = 26
========================================================================
Received Import Request.
  Time since last request: 0.011107 seconds.
  path: Assets/Synty/PolygonSciFiSpace/Prefabs/Props/SM_Prop_Turret_Base_Single_06.prefab
  artifactKey: Guid(6e5b8cfdbae562745950e0ad94affefa) Importer(815301076,1909f56bfc062723c751e8b465ee728b)
Start importing Assets/Synty/PolygonSciFiSpace/Prefabs/Props/SM_Prop_Turret_Base_Single_06.prefab using Guid(6e5b8cfdbae562745950e0ad94affefa) Importer(815301076,1909f56bfc062723c751e8b465ee728b) [PhysX] Initialized MultithreadedTaskDispatcher with 12 workers.
[PhysX] Initialized MultithreadedTaskDispatcher with 12 workers.
 -> (artifact id: 'e65f6216c6aa316003b4727852069ab9') in 0.091393 seconds
Number of updated asset objects reloaded before import = 0
Number of asset objects unloaded after import = 26
========================================================================
Received Import Request.
  Time since last request: 1.348001 seconds.
  path: Assets/Synty/PolygonSciFiSpace/Prefabs/Props/SM_Prop_Turret_Base_Single_09.prefab
  artifactKey: Guid(9e170f0ec6d303f46b27ec0840b9194d) Importer(815301076,1909f56bfc062723c751e8b465ee728b)
Start importing Assets/Synty/PolygonSciFiSpace/Prefabs/Props/SM_Prop_Turret_Base_Single_09.prefab using Guid(9e170f0ec6d303f46b27ec0840b9194d) Importer(815301076,1909f56bfc062723c751e8b465ee728b) [PhysX] Initialized MultithreadedTaskDispatcher with 12 workers.
[PhysX] Initialized MultithreadedTaskDispatcher with 12 workers.
 -> (artifact id: '636f3a2aa3ac988d97d635ec18d016e9') in 0.086088 seconds
Number of updated asset objects reloaded before import = 0
Number of asset objects unloaded after import = 24
========================================================================
Received Import Request.
  Time since last request: 0.000015 seconds.
  path: Assets/Synty/PolygonSciFiSpace/Prefabs/Props/SM_Prop_Turret_Large_01.prefab
  artifactKey: Guid(5a5c1ae74ed6fa34eb03ca7e65badaf7) Importer(815301076,1909f56bfc062723c751e8b465ee728b)
Start importing Assets/Synty/PolygonSciFiSpace/Prefabs/Props/SM_Prop_Turret_Large_01.prefab using Guid(5a5c1ae74ed6fa34eb03ca7e65badaf7) Importer(815301076,1909f56bfc062723c751e8b465ee728b) [PhysX] Initialized MultithreadedTaskDispatcher with 12 workers.
[PhysX] Initialized MultithreadedTaskDispatcher with 12 workers.
 -> (artifact id: '2e5c412475674b9056340dbea48891fd') in 0.076584 seconds
Number of updated asset objects reloaded before import = 0
Number of asset objects unloaded after import = 26
========================================================================
Received Import Request.
  Time since last request: 0.000017 seconds.
  path: Assets/Synty/PolygonSciFiSpace/Prefabs/Props/SM_Prop_Turret_Small_Floor_01.prefab
  artifactKey: Guid(d82522db9ccce854eba00b1a281d7ec9) Importer(815301076,1909f56bfc062723c751e8b465ee728b)
Start importing Assets/Synty/PolygonSciFiSpace/Prefabs/Props/SM_Prop_Turret_Small_Floor_01.prefab using Guid(d82522db9ccce854eba00b1a281d7ec9) Importer(815301076,1909f56bfc062723c751e8b465ee728b) [PhysX] Initialized MultithreadedTaskDispatcher with 12 workers.
[PhysX] Initialized MultithreadedTaskDispatcher with 12 workers.
 -> (artifact id: 'c24e704c903e2cf24bfc5fc9e5648d27') in 0.073836 seconds
Number of updated asset objects reloaded before import = 0
Number of asset objects unloaded after import = 24
========================================================================
Received Import Request.
  Time since last request: 0.006620 seconds.
  path: Assets/Synty/PolygonSciFiSpace/Prefabs/Props/SM_Prop_Wires_01.prefab
  artifactKey: Guid(65530252d685e89409aa7e93ee9d9aef) Importer(815301076,1909f56bfc062723c751e8b465ee728b)
Start importing Assets/Synty/PolygonSciFiSpace/Prefabs/Props/SM_Prop_Wires_01.prefab using Guid(65530252d685e89409aa7e93ee9d9aef) Importer(815301076,1909f56bfc062723c751e8b465ee728b) [PhysX] Initialized MultithreadedTaskDispatcher with 12 workers.
[PhysX] Initialized MultithreadedTaskDispatcher with 12 workers.
 -> (artifact id: '8a5ab61dada07fe753b484fe4f2f9898') in 0.080125 seconds
Number of updated asset objects reloaded before import = 0
Number of asset objects unloaded after import = 12
========================================================================
Received Import Request.
  Time since last request: 0.491391 seconds.
  path: Assets/Synty/PolygonSciFiSpace/Prefabs/Props/SM_Prop_Wires_04.prefab
  artifactKey: Guid(c79063c9e4e25e84d96fc2500dd8eaf2) Importer(815301076,1909f56bfc062723c751e8b465ee728b)
Start importing Assets/Synty/PolygonSciFiSpace/Prefabs/Props/SM_Prop_Wires_04.prefab using Guid(c79063c9e4e25e84d96fc2500dd8eaf2) Importer(815301076,1909f56bfc062723c751e8b465ee728b) [PhysX] Initialized MultithreadedTaskDispatcher with 12 workers.
[PhysX] Initialized MultithreadedTaskDispatcher with 12 workers.
 -> (artifact id: 'b65efcd1d47a6f31f9fefa99c8f802e7') in 0.115686 seconds
Number of updated asset objects reloaded before import = 0
Number of asset objects unloaded after import = 12
Editor requested this worker to shutdown with reason: Scaling down because of idle timeout
TcpMessagingSession - receive error: operation aborted. errorcode: 995, details: The I/O operation has been aborted because of either a thread exit or an application request.
AssetImportWorker is now disconnected from the server
Process exiting
Exiting without the bug reporter. Application will terminate with return code 0